Component: ARM Compiler 5.06 update 4 (build 422) Tool: armlink [4d35d2]

==============================================================================

Section Cross References

    main.o(i.TIM4_IRQHandler) refers to stm32f10x_tim.o(i.TIM_GetITStatus) for TIM_GetITStatus
    main.o(i.TIM4_IRQHandler) refers to stm32f10x_tim.o(i.TIM_ClearITPendingBit) for TIM_ClearITPendingBit
    main.o(i.TIM4_IRQHandler) refers to stm32f10x_gpio.o(i.GPIO_ResetBits) for GPIO_ResetBits
    main.o(i.TIM4_IRQHandler) refers to main.o(.data) for counter_2
    main.o(i.TIM6_IRQHandler) refers to stm32f10x_tim.o(i.TIM_GetITStatus) for TIM_GetITStatus
    main.o(i.TIM6_IRQHandler) refers to stm32f10x_tim.o(i.TIM_ClearITPendingBit) for TIM_ClearITPendingBit
    main.o(i.TIM6_IRQHandler) refers to stm32f10x_gpio.o(i.GPIO_SetBits) for GPIO_SetBits
    main.o(i.TIM6_IRQHandler) refers to stm32f10x_gpio.o(i.GPIO_ResetBits) for GPIO_ResetBits
    main.o(i.TIM6_IRQHandler) refers to stm32f10x_tim.o(i.TIM_Cmd) for TIM_Cmd
    main.o(i.TIM6_IRQHandler) refers to main.o(.data) for diretion
    main.o(i.main) refers to gpio.o(i.gpio_init) for gpio_init
    main.o(i.main) refers to timer4.o(i.Timer4_Init) for Timer4_Init
    main.o(i.main) refers to remote.o(i.Remote_Init) for Remote_Init
    main.o(i.main) refers to pwm.o(i.Timer6_Init) for Timer6_Init
    main.o(i.main) refers to oled_iic.o(i.GB16_NUM) for GB16_NUM
    main.o(i.main) refers to misc.o(i.NVIC_PriorityGroupConfig) for NVIC_PriorityGroupConfig
    main.o(i.main) refers to delay.o(i.delay_init) for delay_init
    main.o(i.main) refers to usart3.o(i.usart3_init) for usart3_init
    main.o(i.main) refers to oled_iic.o(i.OLED_Init) for OLED_Init
    main.o(i.main) refers to oled_iic.o(i.OLED_Clear) for OLED_Clear
    main.o(i.main) refers to oled_iic.o(i.OLED_ShowCH) for OLED_ShowCH
    main.o(i.main) refers to delay.o(i.delay_ms) for delay_ms
    main.o(i.main) refers to remote.o(i.Remote_Scan) for Remote_Scan
    main.o(i.main) refers to judge.o(i.judge) for judge
    main.o(i.main) refers to oled_iic.o(.data) for HZ
    main.o(i.main) refers to main.o(.data) for key_num
    system_stm32f10x.o(i.SetSysClock) refers to system_stm32f10x.o(i.SetSysClockTo72) for SetSysClockTo72
    system_stm32f10x.o(i.SystemCoreClockUpdate) refers to system_stm32f10x.o(.data) for SystemCoreClock
    system_stm32f10x.o(i.SystemInit) refers to system_stm32f10x.o(i.SetSysClock) for SetSysClock
    delay.o(i.delay_init) refers to misc.o(i.SysTick_CLKSourceConfig) for SysTick_CLKSourceConfig
    delay.o(i.delay_init) refers to system_stm32f10x.o(.data) for SystemCoreClock
    delay.o(i.delay_init) refers to delay.o(.data) for fac_us
    delay.o(i.delay_ms) refers to delay.o(.data) for fac_ms
    delay.o(i.delay_us) refers to delay.o(.data) for fac_us
    usart.o(i.uart_init) refers to stm32f10x_rcc.o(i.RCC_APB2PeriphClockCmd) for RCC_APB2PeriphClockCmd
    usart.o(i.uart_init) refers to stm32f10x_gpio.o(i.GPIO_Init) for GPIO_Init
    usart.o(i.uart_init) refers to misc.o(i.NVIC_Init) for NVIC_Init
    usart.o(i.uart_init) refers to stm32f10x_usart.o(i.USART_Init) for USART_Init
    usart.o(i.uart_init) refers to stm32f10x_usart.o(i.USART_ITConfig) for USART_ITConfig
    usart.o(i.uart_init) refers to stm32f10x_usart.o(i.USART_Cmd) for USART_Cmd
    startup_stm32f10x_hd.o(RESET) refers to startup_stm32f10x_hd.o(STACK) for __initial_sp
    startup_stm32f10x_hd.o(RESET) refers to startup_stm32f10x_hd.o(.text) for Reset_Handler
    startup_stm32f10x_hd.o(RESET) refers to stm32f10x_it.o(i.NMI_Handler) for NMI_Handler
    startup_stm32f10x_hd.o(RESET) refers to stm32f10x_it.o(i.HardFault_Handler) for HardFault_Handler
    startup_stm32f10x_hd.o(RESET) refers to stm32f10x_it.o(i.MemManage_Handler) for MemManage_Handler
    startup_stm32f10x_hd.o(RESET) refers to stm32f10x_it.o(i.BusFault_Handler) for BusFault_Handler
    startup_stm32f10x_hd.o(RESET) refers to stm32f10x_it.o(i.UsageFault_Handler) for UsageFault_Handler
    startup_stm32f10x_hd.o(RESET) refers to stm32f10x_it.o(i.SVC_Handler) for SVC_Handler
    startup_stm32f10x_hd.o(RESET) refers to stm32f10x_it.o(i.DebugMon_Handler) for DebugMon_Handler
    startup_stm32f10x_hd.o(RESET) refers to stm32f10x_it.o(i.PendSV_Handler) for PendSV_Handler
    startup_stm32f10x_hd.o(RESET) refers to stm32f10x_it.o(i.SysTick_Handler) for SysTick_Handler
    startup_stm32f10x_hd.o(RESET) refers to remote.o(i.TIM2_IRQHandler) for TIM2_IRQHandler
    startup_stm32f10x_hd.o(RESET) refers to timer.o(i.TIM3_IRQHandler) for TIM3_IRQHandler
    startup_stm32f10x_hd.o(RESET) refers to main.o(i.TIM4_IRQHandler) for TIM4_IRQHandler
    startup_stm32f10x_hd.o(RESET) refers to usart_1.o(i.USART1_IRQHandler) for USART1_IRQHandler
    startup_stm32f10x_hd.o(RESET) refers to usart3.o(i.USART3_IRQHandler) for USART3_IRQHandler
    startup_stm32f10x_hd.o(RESET) refers to ld3320.o(i.EXTI15_10_IRQHandler) for EXTI15_10_IRQHandler
[...]
    Removing stm32f10x_rcc.o(i.RCC_HCLKConfig), (24 bytes).
    Removing stm32f10x_rcc.o(i.RCC_HSEConfig), (76 bytes).
    Removing stm32f10x_rcc.o(i.RCC_HSICmd), (12 bytes).
    Removing stm32f10x_rcc.o(i.RCC_ITConfig), (32 bytes).
    Removing stm32f10x_rcc.o(i.RCC_LSEConfig), (52 bytes).
    Removing stm32f10x_rcc.o(i.RCC_LSICmd), (12 bytes).
    Removing stm32f10x_rcc.o(i.RCC_MCOConfig), (12 bytes).
    Removing stm32f10x_rcc.o(i.RCC_PCLK1Config), (24 bytes).
    Removing stm32f10x_rcc.o(i.RCC_PCLK2Config), (24 bytes).
    Removing stm32f10x_rcc.o(i.RCC_PLLCmd), (12 bytes).
    Removing stm32f10x_rcc.o(i.RCC_PLLConfig), (28 bytes).
    Removing stm32f10x_rcc.o(i.RCC_RTCCLKCmd), (12 bytes).
    Removing stm32f10x_rcc.o(i.RCC_RTCCLKConfig), (16 bytes).
    Removing stm32f10x_rcc.o(i.RCC_SYSCLKConfig), (24 bytes).
    Removing stm32f10x_rcc.o(i.RCC_USBCLKConfig), (12 bytes).
    Removing stm32f10x_rcc.o(i.RCC_WaitForHSEStartUp), (56 bytes).
    Removing stm32f10x_rtc.o(i.RTC_ClearFlag), (16 bytes).
    Removing stm32f10x_rtc.o(i.RTC_ClearITPendingBit), (16 bytes).
    Removing stm32f10x_rtc.o(i.RTC_EnterConfigMode), (20 bytes).
    Removing stm32f10x_rtc.o(i.RTC_ExitConfigMode), (20 bytes).
    Removing stm32f10x_rtc.o(i.RTC_GetCounter), (20 bytes).
    Removing stm32f10x_rtc.o(i.RTC_GetDivider), (24 bytes).
    Removing stm32f10x_rtc.o(i.RTC_GetFlagStatus), (24 bytes).
    Removing stm32f10x_rtc.o(i.RTC_GetITStatus), (36 bytes).
    Removing stm32f10x_rtc.o(i.RTC_ITConfig), (32 bytes).
    Removing stm32f10x_rtc.o(i.RTC_SetAlarm), (28 bytes).
    Removing stm32f10x_rtc.o(i.RTC_SetCounter), (28 bytes).
    Removing stm32f10x_rtc.o(i.RTC_SetPrescaler), (32 bytes).
    Removing stm32f10x_rtc.o(i.RTC_WaitForLastTask), (20 bytes).
    Removing stm32f10x_rtc.o(i.RTC_WaitForSynchro), (36 bytes).
    Removing stm32f10x_sdio.o(i.SDIO_CEATAITCmd), (16 bytes).
    Removing stm32f10x_sdio.o(i.SDIO_ClearFlag), (12 bytes).
    Removing stm32f10x_sdio.o(i.SDIO_ClearITPendingBit), (12 bytes).
    Removing stm32f10x_sdio.o(i.SDIO_ClockCmd), (12 bytes).
    Removing stm32f10x_sdio.o(i.SDIO_CmdStructInit), (14 bytes).
    Removing stm32f10x_sdio.o(i.SDIO_CommandCompletionCmd), (12 bytes).
    Removing stm32f10x_sdio.o(i.SDIO_DMACmd), (12 bytes).
    Removing stm32f10x_sdio.o(i.SDIO_DataConfig), (48 bytes).
    Removing stm32f10x_sdio.o(i.SDIO_DataStructInit), (20 bytes).
    Removing stm32f10x_sdio.o(i.SDIO_DeInit), (36 bytes).
    Removing stm32f10x_sdio.o(i.SDIO_GetCommandResponse), (12 bytes).
    Removing stm32f10x_sdio.o(i.SDIO_GetDataCounter), (12 bytes).
    Removing stm32f10x_sdio.o(i.SDIO_GetFIFOCount), (12 bytes).
    Removing stm32f10x_sdio.o(i.SDIO_GetFlagStatus), (24 bytes).
    Removing stm32f10x_sdio.o(i.SDIO_GetITStatus), (24 bytes).
    Removing stm32f10x_sdio.o(i.SDIO_GetPowerState), (16 bytes).
    Removing stm32f10x_sdio.o(i.SDIO_GetResponse), (24 bytes).
    Removing stm32f10x_sdio.o(i.SDIO_ITConfig), (32 bytes).
    Removing stm32f10x_sdio.o(i.SDIO_Init), (48 bytes).
    Removing stm32f10x_sdio.o(i.SDIO_ReadData), (12 bytes).
    Removing stm32f10x_sdio.o(i.SDIO_SendCEATACmd), (12 bytes).
    Removing stm32f10x_sdio.o(i.SDIO_SendCommand), (44 bytes).
    Removing stm32f10x_sdio.o(i.SDIO_SendSDIOSuspendCmd), (12 bytes).
    Removing stm32f10x_sdio.o(i.SDIO_SetPowerState), (28 bytes).
    Removing stm32f10x_sdio.o(i.SDIO_SetSDIOOperation), (12 bytes).
    Removing stm32f10x_sdio.o(i.SDIO_SetSDIOReadWaitMode), (12 bytes).
    Removing stm32f10x_sdio.o(i.SDIO_StartSDIOReadWait), (12 bytes).
    Removing stm32f10x_sdio.o(i.SDIO_StopSDIOReadWait), (12 bytes).
    Removing stm32f10x_sdio.o(i.SDIO_StructInit), (16 bytes).
    Removing stm32f10x_sdio.o(i.SDIO_WriteData), (12 bytes).
    Removing stm32f10x_spi.o(i.I2S_Cmd), (24 bytes).
    Removing stm32f10x_spi.o(i.I2S_Init), (232 bytes).
    Removing stm32f10x_spi.o(i.I2S_StructInit), (20 bytes).
    Removing stm32f10x_spi.o(i.SPI_BiDirectionalLineConfig), (28 bytes).
    Removing stm32f10x_spi.o(i.SPI_CalculateCRC), (24 bytes).
    Removing stm32f10x_spi.o(i.SPI_Cmd), (24 bytes).
    Removing stm32f10x_spi.o(i.SPI_DataSizeConfig), (18 bytes).
    Removing stm32f10x_spi.o(i.SPI_GetCRC), (16 bytes).
    Removing stm32f10x_spi.o(i.SPI_GetCRCPolynomial), (6 bytes).
    Removing stm32f10x_spi.o(i.SPI_I2S_ClearFlag), (6 bytes).
    Removing stm32f10x_spi.o(i.SPI_I2S_ClearITPendingBit), (20 bytes).
    Removing stm32f10x_spi.o(i.SPI_I2S_DMACmd), (18 bytes).
    Removing stm32f10x_spi.o(i.SPI_I2S_DeInit), (88 bytes).
    Removing stm32f10x_spi.o(i.SPI_I2S_GetITStatus), (52 bytes).
    Removing stm32f10x_spi.o(i.SPI_I2S_ITConfig), (32 bytes).
    Removing stm32f10x_spi.o(i.SPI_Init), (60 bytes).
    Removing stm32f10x_spi.o(i.SPI_NSSInternalSoftwareConfig), (30 bytes).
    Removing stm32f10x_spi.o(i.SPI_SSOutputCmd), (24 bytes).
    Removing stm32f10x_spi.o(i.SPI_StructInit), (24 bytes).
    Removing stm32f10x_spi.o(i.SPI_TransmitCRC), (10 bytes).
    Removing stm32f10x_tim.o(i.TIM_ARRPreloadConfig), (24 bytes).
    Removing stm32f10x_tim.o(i.TIM_BDTRConfig), (32 bytes).
    Removing stm32f10x_tim.o(i.TIM_BDTRStructInit), (18 bytes).
    Removing stm32f10x_tim.o(i.TIM_CCPreloadControl), (24 bytes).
    Removing stm32f10x_tim.o(i.TIM_CCxCmd), (30 bytes).
    Removing stm32f10x_tim.o(i.TIM_CCxNCmd), (30 bytes).
    Removing stm32f10x_tim.o(i.TIM_ClearOC1Ref), (18 bytes).
    Removing stm32f10x_tim.o(i.TIM_ClearOC2Ref), (24 bytes).
    Removing stm32f10x_tim.o(i.TIM_ClearOC3Ref), (18 bytes).
    Removing stm32f10x_tim.o(i.TIM_ClearOC4Ref), (24 bytes).
    Removing stm32f10x_tim.o(i.TIM_CounterModeConfig), (18 bytes).
    Removing stm32f10x_tim.o(i.TIM_CtrlPWMOutputs), (30 bytes).
    Removing stm32f10x_tim.o(i.TIM_DMACmd), (18 bytes).
    Removing stm32f10x_tim.o(i.TIM_DMAConfig), (10 bytes).
    Removing stm32f10x_tim.o(i.TIM_DeInit), (488 bytes).
    Removing stm32f10x_tim.o(i.TIM_ETRClockMode1Config), (54 bytes).
    Removing stm32f10x_tim.o(i.TIM_ETRClockMode2Config), (32 bytes).
    Removing stm32f10x_tim.o(i.TIM_ETRConfig), (28 bytes).
    Removing stm32f10x_tim.o(i.TIM_EncoderInterfaceConfig), (66 bytes).
    Removing stm32f10x_tim.o(i.TIM_ForcedOC1Config), (18 bytes).
    Removing stm32f10x_tim.o(i.TIM_ForcedOC2Config), (26 bytes).
    Removing stm32f10x_tim.o(i.TIM_ForcedOC3Config), (18 bytes).
    Removing stm32f10x_tim.o(i.TIM_ForcedOC4Config), (26 bytes).
    Removing stm32f10x_tim.o(i.TIM_GenerateEvent), (4 bytes).
    Removing stm32f10x_tim.o(i.TIM_GetCapture1), (6 bytes).
    Removing stm32f10x_tim.o(i.TIM_GetCapture2), (6 bytes).
    Removing stm32f10x_tim.o(i.TIM_GetCapture3), (6 bytes).
    Removing stm32f10x_tim.o(i.TIM_GetCounter), (6 bytes).
    Removing stm32f10x_tim.o(i.TIM_GetFlagStatus), (18 bytes).
    Removing stm32f10x_tim.o(i.TIM_GetPrescaler), (6 bytes).
    Removing stm32f10x_tim.o(i.TIM_ICStructInit), (18 bytes).
    Removing stm32f10x_tim.o(i.TIM_ITRxExternalClockConfig), (24 bytes).
    Removing stm32f10x_tim.o(i.TIM_OC1FastConfig), (18 bytes).
    Removing stm32f10x_tim.o(i.TIM_OC1Init), (152 bytes).
    Removing stm32f10x_tim.o(i.TIM_OC1NPolarityConfig), (18 bytes).
    Removing stm32f10x_tim.o(i.TIM_OC1PolarityConfig), (18 bytes).
    Removing stm32f10x_tim.o(i.TIM_OC1PreloadConfig), (18 bytes).
    Removing stm32f10x_tim.o(i.TIM_OC2FastConfig), (26 bytes).
    Removing stm32f10x_tim.o(i.TIM_OC2Init), (164 bytes).
    Removing stm32f10x_tim.o(i.TIM_OC2NPolarityConfig), (26 bytes).
    Removing stm32f10x_tim.o(i.TIM_OC2PolarityConfig), (26 bytes).
    Removing stm32f10x_tim.o(i.TIM_OC2PreloadConfig), (26 bytes).
    Removing stm32f10x_tim.o(i.TIM_OC3FastConfig), (18 bytes).
    Removing stm32f10x_tim.o(i.TIM_OC3Init), (160 bytes).
    Removing stm32f10x_tim.o(i.TIM_OC3NPolarityConfig), (26 bytes).
    Removing stm32f10x_tim.o(i.TIM_OC3PolarityConfig), (26 bytes).
    Removing stm32f10x_tim.o(i.TIM_OC3PreloadConfig), (18 bytes).
    Removing stm32f10x_tim.o(i.TIM_OC4FastConfig), (26 bytes).
    Removing stm32f10x_tim.o(i.TIM_OC4Init), (124 bytes).
    Removing stm32f10x_tim.o(i.TIM_OC4PreloadConfig), (26 bytes).
    Removing stm32f10x_tim.o(i.TIM_OCStructInit), (20 bytes).
    Removing stm32f10x_tim.o(i.TIM_PWMIConfig), (124 bytes).
    Removing stm32f10x_tim.o(i.TIM_PrescalerConfig), (6 bytes).
    Removing stm32f10x_tim.o(i.TIM_SelectCCDMA), (24 bytes).
    Removing stm32f10x_tim.o(i.TIM_SelectCOM), (24 bytes).
    Removing stm32f10x_tim.o(i.TIM_SelectHallSensor), (24 bytes).
    Removing stm32f10x_tim.o(i.TIM_SelectInputTrigger), (18 bytes).
    Removing stm32f10x_tim.o(i.TIM_SelectMasterSlaveMode), (18 bytes).
    Removing stm32f10x_tim.o(i.TIM_SelectOCxM), (82 bytes).
    Removing stm32f10x_tim.o(i.TIM_SelectOnePulseMode), (18 bytes).
    Removing stm32f10x_tim.o(i.TIM_SelectOutputTrigger), (18 bytes).
    Removing stm32f10x_tim.o(i.TIM_SelectSlaveMode), (18 bytes).
    Removing stm32f10x_tim.o(i.TIM_SetAutoreload), (4 bytes).
    Removing stm32f10x_tim.o(i.TIM_SetClockDivision), (18 bytes).
    Removing stm32f10x_tim.o(i.TIM_SetCompare1), (4 bytes).
    Removing stm32f10x_tim.o(i.TIM_SetCompare2), (4 bytes).
    Removing stm32f10x_tim.o(i.TIM_SetCompare3), (4 bytes).
    Removing stm32f10x_tim.o(i.TIM_SetCompare4), (6 bytes).
    Removing stm32f10x_tim.o(i.TIM_TIxExternalClockConfig), (62 bytes).
    Removing stm32f10x_tim.o(i.TIM_TimeBaseStructInit), (18 bytes).
    Removing stm32f10x_tim.o(i.TIM_UpdateDisableConfig), (24 bytes).
    Removing stm32f10x_tim.o(i.TIM_UpdateRequestConfig), (24 bytes).
    Removing stm32f10x_usart.o(i.USART_ClearFlag), (18 bytes).
    Removing stm32f10x_usart.o(i.USART_ClearITPendingBit), (30 bytes).
    Removing stm32f10x_usart.o(i.USART_ClockInit), (34 bytes).
    Removing stm32f10x_usart.o(i.USART_ClockStructInit), (12 bytes).
    Removing stm32f10x_usart.o(i.USART_DMACmd), (18 bytes).
    Removing stm32f10x_usart.o(i.USART_GetFlagStatus), (26 bytes).
    Removing stm32f10x_usart.o(i.USART_HalfDuplexCmd), (24 bytes).
    Removing stm32f10x_usart.o(i.USART_IrDACmd), (24 bytes).
    Removing stm32f10x_usart.o(i.USART_IrDAConfig), (18 bytes).
    Removing stm32f10x_usart.o(i.USART_LINBreakDetectLengthConfig), (18 bytes).
    Removing stm32f10x_usart.o(i.USART_LINCmd), (24 bytes).
    Removing stm32f10x_usart.o(i.USART_OneBitMethodCmd), (24 bytes).
    Removing stm32f10x_usart.o(i.USART_OverSampling8Cmd), (22 bytes).
    Removing stm32f10x_usart.o(i.USART_ReceiverWakeUpCmd), (24 bytes).
    Removing stm32f10x_usart.o(i.USART_SendBreak), (10 bytes).
    Removing stm32f10x_usart.o(i.USART_SendData), (8 bytes).
    Removing stm32f10x_usart.o(i.USART_SetAddress), (18 bytes).
    Removing stm32f10x_usart.o(i.USART_SetGuardTime), (16 bytes).
    Removing stm32f10x_usart.o(i.USART_SetPrescaler), (16 bytes).
    Removing stm32f10x_usart.o(i.USART_SmartCardCmd), (24 bytes).
    Removing stm32f10x_usart.o(i.USART_SmartCardNACKCmd), (24 bytes).
    Removing stm32f10x_usart.o(i.USART_StructInit), (24 bytes).
    Removing stm32f10x_usart.o(i.USART_WakeUpConfig), (18 bytes).
    Removing stm32f10x_wwdg.o(i.WWDG_ClearFlag), (12 bytes).
    Removing stm32f10x_wwdg.o(i.WWDG_DeInit), (22 bytes).
    Removing stm32f10x_wwdg.o(i.WWDG_Enable), (16 bytes).
    Removing stm32f10x_wwdg.o(i.WWDG_EnableIT), (12 bytes).
    Removing stm32f10x_wwdg.o(i.WWDG_GetFlagStatus), (12 bytes).
    Removing stm32f10x_wwdg.o(i.WWDG_SetCounter), (16 bytes).
    Removing stm32f10x_wwdg.o(i.WWDG_SetPrescaler), (24 bytes).
    Removing stm32f10x_wwdg.o(i.WWDG_SetWindowValue), (40 bytes).
    Removing oled_iic.o(i.OLED_DrawBMP), (118 bytes).
    Removing oled_iic.o(i.OLED_OFF), (22 bytes).
    Removing oled_iic.o(i.OLED_ON), (22 bytes).
    Removing as608.o(i.EnsureMessage), (600 bytes).
    Removing as608.o(i.PS_HandShake), (128 bytes).
    Removing as608.o(i.PS_ReadNotepad), (96 bytes).
    Removing as608.o(i.PS_ReadSysPara), (240 bytes).
    Removing as608.o(i.PS_Search), (144 bytes).
    Removing as608.o(i.PS_SetAddr), (180 bytes).
    Removing as608.o(i.PS_ValidTempleteNum), (136 bytes).
    Removing as608.o(i.PS_WriteNotepad), (106 bytes).
    Removing as608.o(i.PS_WriteReg), (136 bytes).
    Removing as608.o(.bss), (12 bytes).
    Removing key.o(i.KEY_Init), (120 bytes).
    Removing key.o(i.KEY_Scan), (192 bytes).
    Removing key.o(.data), (1 bytes).
    Removing timer.o(i.TIM3_Int_Init), (92 bytes).
    Removing usart3.o(i.u2_printf), (80 bytes).
    Removing ld3320.o(i.Board_text), (54 bytes).
    Removing ld3320.o(i.Delayms), (34 bytes).
    Removing ld3320.o(i.Flicker_LED), (56 bytes).
    Removing ld3320.o(i.Glide_LED), (144 bytes).
    Removing ld3320.o(i.Jt_LED), (44 bytes).
    Removing ld3320.o(i.Key_LED), (44 bytes).
    Removing ld3320.o(i.LD3320_EXTI_Cfg), (116 bytes).
    Removing ld3320.o(i.LD3320_GPIO_Cfg), (64 bytes).
    Removing ld3320.o(i.LD3320_SPI_cfg), (208 bytes).
    Removing ld3320.o(i.LD3320_delay), (42 bytes).
    Removing ld3320.o(i.LD3320_init), (24 bytes).
    Removing ld3320.o(i.LD3320_main), (400 bytes).
    Removing ld3320.o(i.LD_AsrAddFixed), (184 bytes).
    Removing ld3320.o(i.LD_AsrRun), (122 bytes).
    Removing ld3320.o(i.LD_AsrStart), (8 bytes).
    Removing ld3320.o(i.LD_Check_ASRBusyFlag_b2), (42 bytes).
    Removing ld3320.o(i.LD_GetResult), (10 bytes).
    Removing ld3320.o(i.LD_Init_ASR), (112 bytes).
    Removing ld3320.o(i.LD_Init_Common), (204 bytes).
    Removing ld3320.o(i.LD_reset), (256 bytes).
    Removing ld3320.o(i.LED_GPIO_cfg), (124 bytes).
    Removing ld3320.o(i.Off_LED), (44 bytes).
    Removing ld3320.o(i.RunASR), (80 bytes).
    Removing ld3320.o(.constdata), (100 bytes).
    Removing usart_1.o(i.NVIC_Configuration), (40 bytes).
    Removing usart_1.o(i.USART_1_init), (144 bytes).
    Removing usart_1.o(i.fgetc_1), (32 bytes).
    Removing usart_1.o(i.fputc_1), (36 bytes).

486 unused section(s) (total 22925 bytes) removed from the image.

==============================================================================

Image Symbol Table

    Local Symbols

    Symbol Name                              Value     Ov Type        Size  Object(Section)

    ../clib/../cmprslib/zerorunl2.c          0x00000000   Number         0  __dczerorl2.o ABSOLUTE
    ../clib/microlib/division.c              0x00000000   Number         0  uldiv.o ABSOLUTE
    ../clib/microlib/division.c              0x00000000   Number         0  uidiv.o ABSOLUTE
    ../clib/microlib/init/entry.s            0x00000000   Number         0  entry11a.o ABSOLUTE
    ../clib/microlib/init/entry.s            0x00000000   Number         0  entry7a.o ABSOLUTE
    ../clib/microlib/init/entry.s            0x00000000   Number         0  entry5.o ABSOLUTE
    ../clib/microlib/init/entry.s            0x00000000   Number         0  entry2.o ABSOLUTE
    ../clib/microlib/init/entry.s            0x00000000   Number         0  entry10a.o ABSOLUTE
    ../clib/microlib/init/entry.s            0x00000000   Number         0  entry11b.o ABSOLUTE
    ../clib/microlib/init/entry.s            0x00000000   Number         0  entry10b.o ABSOLUTE
    ../clib/microlib/init/entry.s            0x00000000   Number         0  entry9b.o ABSOLUTE
    ../clib/microlib/init/entry.s            0x00000000   Number         0  entry9a.o ABSOLUTE
    ../clib/microlib/init/entry.s            0x00000000   Number         0  entry8b.o ABSOLUTE
    ../clib/microlib/init/entry.s            0x00000000   Number         0  entry.o ABSOLUTE
    ../clib/microlib/init/entry.s            0x00000000   Number         0  entry8a.o ABSOLUTE
    ../clib/microlib/init/entry.s            0x00000000   Number         0  entry7b.o ABSOLUTE
    ../clib/microlib/longlong.c              0x00000000   Number         0  llshl.o ABSOLUTE
    ../clib/microlib/longlong.c              0x00000000   Number         0  llsshr.o ABSOLUTE
    ../clib/microlib/longlong.c              0x00000000   Number         0  llushr.o ABSOLUTE
    ../clib/microlib/printf/printf.c         0x00000000   Number         0  printf6.o ABSOLUTE
    ../clib/microlib/printf/printf.c         0x00000000   Number         0  printf5.o ABSOLUTE
    ../clib/microlib/printf/printf.c         0x00000000   Number         0  printf4.o ABSOLUTE
    ../clib/microlib/printf/printf.c         0x00000000   Number         0  printfb.o ABSOLUTE
    ../clib/microlib/printf/printf.c         0x00000000   Number         0  printf3.o ABSOLUTE
    ../clib/microlib/printf/printf.c         0x00000000   Number         0  printf2.o ABSOLUTE
    ../clib/microlib/printf/printf.c         0x00000000   Number         0  printf0.o ABSOLUTE
    ../clib/microlib/printf/printf.c         0x00000000   Number         0  printf1.o ABSOLUTE
    ../clib/microlib/printf/printf.c         0x00000000   Number         0  printfa.o ABSOLUTE
    ../clib/microlib/printf/printf.c         0x00000000   Number         0  printf8.o ABSOLUTE
    ../clib/microlib/printf/printf.c         0x00000000   Number         0  printf7.o ABSOLUTE
    ../clib/microlib/printf/stubs.s          0x00000000   Number         0  stubs.o ABSOLUTE
    ../clib/microlib/string/memcpy.c         0x00000000   Number         0  memcpyb.o ABSOLUTE
    ../clib/microlib/string/memcpy.c         0x00000000   Number         0  memcpya.o ABSOLUTE
    ../clib/microlib/string/strchr.c         0x00000000   Number         0  strchr.o ABSOLUTE
    ../clib/microlib/string/strlen.c         0x00000000   Number         0  strlen.o ABSOLUTE
    ../clib/microlib/string/strstr.c         0x00000000   Number         0  strstr.o ABSOLUTE
    ../clib/microlib/stubs.s                 0x00000000   Number         0  iusefp.o ABSOLUTE
    ../clib/microlib/stubs.s                 0x00000000   Number         0  useno.o ABSOLUTE
    ../fplib/microlib/fpadd.c                0x00000000   Number         0  dadd.o ABSOLUTE
    ../fplib/microlib/fpdiv.c                0x00000000   Number         0  ddiv.o ABSOLUTE
    ../fplib/microlib/fpepilogue.c           0x00000000   Number         0  depilogue.o ABSOLUTE
    ../fplib/microlib/fpfix.c                0x00000000   Number         0  dfixul.o ABSOLUTE
    ../fplib/microlib/fpmul.c                0x00000000   Number         0  dmul.o ABSOLUTE
    ..\CORE\STARTUP\startup_stm32f10x_hd.s   0x00000000   Number         0  startup_stm32f10x_hd.o ABSOLUTE
    ..\CORE\core_cm3.c                       0x00000000   Number         0  core_cm3.o ABSOLUTE
    ..\HARDWARE\AS608\as608.c                0x00000000   Number         0  as608.o ABSOLUTE
    ..\HARDWARE\KEY\key.c                    0x00000000   Number         0  key.o ABSOLUTE
    ..\HARDWARE\LD3320\LD3320.c              0x00000000   Number         0  ld3320.o ABSOLUTE
    ..\HARDWARE\OLED\oled_iic.c              0x00000000   Number         0  oled_iic.o ABSOLUTE
    ..\HARDWARE\TIMER\timer.c                0x00000000   Number         0  timer.o ABSOLUTE
    ..\HARDWARE\USART3\usart3.c              0x00000000   Number         0  usart3.o ABSOLUTE
    ..\HARDWARE\gpio\gpio.c                  0x00000000   Number         0  gpio.o ABSOLUTE
    ..\HARDWARE\judge\judge.c                0x00000000   Number         0  judge.o ABSOLUTE
    ..\HARDWARE\pwm\PWM.c                    0x00000000   Number         0  pwm.o ABSOLUTE
    ..\HARDWARE\remote\remote.c              0x00000000   Number         0  remote.o ABSOLUTE
    ..\HARDWARE\timer4\timer4.c              0x00000000   Number         0  timer4.o ABSOLUTE
    ..\HARDWARE\usart\usart_1.c              0x00000000   Number         0  usart_1.o ABSOLUTE
    ..\STM32F10x_FWLib\src\misc.c            0x00000000   Number         0  misc.o ABSOLUTE
    ..\STM32F10x_FWLib\src\stm32f10x_adc.c   0x00000000   Number         0  stm32f10x_adc.o ABSOLUTE
    ..\STM32F10x_FWLib\src\stm32f10x_bkp.c   0x00000000   Number         0  stm32f10x_bkp.o ABSOLUTE
    ..\STM32F10x_FWLib\src\stm32f10x_can.c   0x00000000   Number         0  stm32f10x_can.o ABSOLUTE
    ..\STM32F10x_FWLib\src\stm32f10x_cec.c   0x00000000   Number         0  stm32f10x_cec.o ABSOLUTE
    ..\STM32F10x_FWLib\src\stm32f10x_crc.c   0x00000000   Number         0  stm32f10x_crc.o ABSOLUTE
    ..\STM32F10x_FWLib\src\stm32f10x_dac.c   0x00000000   Number         0  stm32f10x_dac.o ABSOLUTE
    ..\STM32F10x_FWLib\src\stm32f10x_dbgmcu.c 0x00000000   Number         0  stm32f10x_dbgmcu.o ABSOLUTE
    ..\STM32F10x_FWLib\src\stm32f10x_dma.c   0x00000000   Number         0  stm32f10x_dma.o ABSOLUTE
    ..\STM32F10x_FWLib\src\stm32f10x_exti.c  0x00000000   Number         0  stm32f10x_exti.o ABSOLUTE
    ..\STM32F10x_FWLib\src\stm32f10x_flash.c 0x00000000   Number         0  stm32f10x_flash.o ABSOLUTE
    ..\STM32F10x_FWLib\src\stm32f10x_fsmc.c  0x00000000   Number         0  stm32f10x_fsmc.o ABSOLUTE
    ..\STM32F10x_FWLib\src\stm32f10x_gpio.c  0x00000000   Number         0  stm32f10x_gpio.o ABSOLUTE
    ..\STM32F10x_FWLib\src\stm32f10x_i2c.c   0x00000000   Number         0  stm32f10x_i2c.o ABSOLUTE
    ..\STM32F10x_FWLib\src\stm32f10x_iwdg.c  0x00000000   Number         0  stm32f10x_iwdg.o ABSOLUTE
    ..\STM32F10x_FWLib\src\stm32f10x_pwr.c   0x00000000   Number         0  stm32f10x_pwr.o ABSOLUTE
    ..\STM32F10x_FWLib\src\stm32f10x_rcc.c   0x00000000   Number         0  stm32f10x_rcc.o ABSOLUTE
    ..\STM32F10x_FWLib\src\stm32f10x_rtc.c   0x00000000   Number         0  stm32f10x_rtc.o ABSOLUTE
    ..\STM32F10x_FWLib\src\stm32f10x_sdio.c  0x00000000   Number         0  stm32f10x_sdio.o ABSOLUTE
    ..\STM32F10x_FWLib\src\stm32f10x_spi.c   0x00000000   Number         0  stm32f10x_spi.o ABSOLUTE
    ..\STM32F10x_FWLib\src\stm32f10x_tim.c   0x00000000   Number         0  stm32f10x_tim.o ABSOLUTE
    ..\STM32F10x_FWLib\src\stm32f10x_usart.c 0x00000000   Number         0  stm32f10x_usart.o ABSOLUTE
    ..\STM32F10x_FWLib\src\stm32f10x_wwdg.c  0x00000000   Number         0  stm32f10x_wwdg.o ABSOLUTE
    ..\SYSTEM\delay\delay.c                  0x00000000   Number         0  delay.o ABSOLUTE
    ..\SYSTEM\sys\sys.c                      0x00000000   Number         0  sys.o ABSOLUTE
    ..\SYSTEM\usart\usart.c                  0x00000000   Number         0  usart.o ABSOLUTE
    ..\\CORE\\core_cm3.c                     0x00000000   Number         0  core_cm3.o ABSOLUTE
    ..\\SYSTEM\\sys\\sys.c                   0x00000000   Number         0  sys.o ABSOLUTE
    cdrcmple.s                               0x00000000   Number         0  cdrcmple.o ABSOLUTE
    dc.s                                     0x00000000   Number         0  dc.o ABSOLUTE
    handlers.s                               0x00000000   Number         0  handlers.o ABSOLUTE
    init.s                                   0x00000000   Number         0  init.o ABSOLUTE
    main.c                                   0x00000000   Number         0  main.o ABSOLUTE
    stm32f10x_it.c                           0x00000000   Number         0  stm32f10x_it.o ABSOLUTE
    system_stm32f10x.c                       0x00000000   Number         0  system_stm32f10x.o ABSOLUTE
    RESET                                    0x08000000   Section      304  startup_stm32f10x_hd.o(RESET)
    .ARM.Collect$$$$00000000                 0x08000130   Section        0  entry.o(.ARM.Collect$$$$00000000)
    .ARM.Collect$$$$00000001                 0x08000130   Section        4  entry2.o(.ARM.Collect$$$$00000001)
    .ARM.Collect$$$$00000004                 0x08000134   Section        4  entry5.o(.ARM.Collect$$$$00000004)
    .ARM.Collect$$$$00000008                 0x08000138   Section        0  entry7b.o(.ARM.Collect$$$$00000008)
    .ARM.Collect$$$$0000000A                 0x08000138   Section        0  entry8b.o(.ARM.Collect$$$$0000000A)
    .ARM.Collect$$$$0000000B                 0x08000138   Section        8  entry9a.o(.ARM.Collect$$$$0000000B)
    .ARM.Collect$$$$0000000D                 0x08000140   Section        0  entry10a.o(.ARM.Collect$$$$0000000D)
    .ARM.Collect$$$$0000000F                 0x08000140   Section        0  entry11a.o(.ARM.Collect$$$$0000000F)
    .ARM.Collect$$$$00002712                 0x08000140   Section        4  entry2.o(.ARM.Collect$$$$00002712)
    __lit__00000000                          0x08000140   Data           4  entry2.o(.ARM.Collect$$$$00002712)
    .text                                    0x08000144   Section       36  startup_stm32f10x_hd.o(.text)
    .text                                    0x08000168   Section        0  strstr.o(.text)
    .text                                    0x0800018c   Section        0  strchr.o(.text)
    .text                                    0x080001a0   Section        0  uidiv.o(.text)
    .text                                    0x080001cc   Section        0  uldiv.o(.text)
    .text                                    0x0800022e   Section        0  iusefp.o(.text)
    .text                                    0x0800022e   Section        0  dadd.o(.text)
    .text                                    0x0800037c   Section        0  dmul.o(.text)
    .text                                    0x08000460   Section        0  ddiv.o(.text)
    .text                                    0x0800053e   Section        0  dfixul.o(.text)
    .text                                    0x08000570   Section       48  cdrcmple.o(.text)
    .text                                    0x080005a0   Section       36  init.o(.text)
    .text                                    0x080005c4   Section        0  llshl.o(.text)
    .text                                    0x080005e2   Section        0  llushr.o(.text)
    .text                                    0x08000602   Section        0  llsshr.o(.text)
    .text                                    0x08000626   Section        0  depilogue.o(.text)
    .text                                    0x080006e0   Section        0  __dczerorl2.o(.text)
    i.Add_FR                                 0x08000738   Section        0  as608.o(i.Add_FR)
    i.BusFault_Handler                       0x08000af8   Section        0  stm32f10x_it.o(i.BusFault_Handler)
    i.DebugMon_Handler                       0x08000afc   Section        0  stm32f10x_it.o(i.DebugMon_Handler)
    i.Del_FR                                 0x08000b00   Section        0  as608.o(i.Del_FR)
    i.EXTI15_10_IRQHandler                   0x08000cc8   Section        0  ld3320.o(i.EXTI15_10_IRQHandler)
    i.EXTI_ClearFlag                         0x08000d00   Section        0  stm32f10x_exti.o(i.EXTI_ClearFlag)
    i.EXTI_ClearITPendingBit                 0x08000d0c   Section        0  stm32f10x_exti.o(i.EXTI_ClearITPendingBit)
    i.EXTI_GetITStatus                       0x08000d18   Section        0  stm32f10x_exti.o(i.EXTI_GetITStatus)
    i.GB16_NUM                               0x08000d40   Section        0  oled_iic.o(i.GB16_NUM)
    i.GPIO_Init                              0x08000d58   Section        0  stm32f10x_gpio.o(i.GPIO_Init)
    i.GPIO_ReadInputDataBit                  0x08000e6e   Section        0  stm32f10x_gpio.o(i.GPIO_ReadInputDataBit)
    i.GPIO_ResetBits                         0x08000e80   Section        0  stm32f10x_gpio.o(i.GPIO_ResetBits)
    i.GPIO_SetBits                           0x08000e84   Section        0  stm32f10x_gpio.o(i.GPIO_SetBits)
    i.HardFault_Handler                      0x08000e88   Section        0  stm32f10x_it.o(i.HardFault_Handler)
    i.IIC_Delay                              0x08000e8c   Section        0  oled_iic.o(i.IIC_Delay)
    IIC_Delay                                0x08000e8d   Thumb Code    14  oled_iic.o(i.IIC_Delay)
    i.IIC_GPIO_Config                        0x08000e9c   Section        0  oled_iic.o(i.IIC_GPIO_Config)
    i.IIC_Start                              0x08000edc   Section        0  oled_iic.o(i.IIC_Start)
    i.IIC_Stop                               0x08000f10   Section        0  oled_iic.o(i.IIC_Stop)
    i.IIC_WaitAck                            0x08000f34   Section        0  oled_iic.o(i.IIC_WaitAck)
    i.JudgeStr                               0x08000f7c   Section        0  as608.o(i.JudgeStr)
    JudgeStr                                 0x08000f7d   Thumb Code   122  as608.o(i.JudgeStr)
    i.LD_ReadReg                             0x08001004   Section        0  ld3320.o(i.LD_ReadReg)
    LD_ReadReg                               0x08001005   Thumb Code    54  ld3320.o(i.LD_ReadReg)
    i.LD_WriteReg                            0x08001044   Section        0  ld3320.o(i.LD_WriteReg)
    LD_WriteReg                              0x08001045   Thumb Code    52  ld3320.o(i.LD_WriteReg)
    i.MYUSART_SendData                       0x08001080   Section        0  as608.o(i.MYUSART_SendData)
    MYUSART_SendData                         0x08001081   Thumb Code    22  as608.o(i.MYUSART_SendData)
    i.MemManage_Handler                      0x0800109c   Section        0  stm32f10x_it.o(i.MemManage_Handler)
    i.NMI_Handler                            0x080010a0   Section        0  stm32f10x_it.o(i.NMI_Handler)
    i.NVIC_Init                              0x080010a4   Section        0  misc.o(i.NVIC_Init)
    i.NVIC_PriorityGroupConfig               0x08001114   Section        0  misc.o(i.NVIC_PriorityGroupConfig)
    i.OLED_Clear                             0x08001128   Section        0  oled_iic.o(i.OLED_Clear)
    i.OLED_Fill                              0x08001132   Section        0  oled_iic.o(i.OLED_Fill)
    i.OLED_Init                              0x0800116c   Section        0  oled_iic.o(i.OLED_Init)
    i.OLED_Set_Pos                           0x08001216   Section        0  oled_iic.o(i.OLED_Set_Pos)
    i.OLED_ShowCH                            0x08001244   Section        0  oled_iic.o(i.OLED_ShowCH)
    i.OLED_ShowChar                          0x08001374   Section        0  oled_iic.o(i.OLED_ShowChar)
    i.OLED_ShowNum                           0x080013e0   Section        0  oled_iic.o(i.OLED_ShowNum)
    i.PS_DeletChar                           0x0800145c   Section        0  as608.o(i.PS_DeletChar)
    i.PS_Empty                               0x080014c8   Section        0  as608.o(i.PS_Empty)
    i.PS_GenChar                             0x08001502   Section        0  as608.o(i.PS_GenChar)
    i.PS_GetImage                            0x08001548   Section        0  as608.o(i.PS_GetImage)
    i.PS_HighSpeedSearch                     0x08001582   Section        0  as608.o(i.PS_HighSpeedSearch)
    i.PS_Match                               0x08001612   Section        0  as608.o(i.PS_Match)
    i.PS_RegModel                            0x0800164c   Section        0  as608.o(i.PS_RegModel)
    i.PS_StoreChar                           0x08001686   Section        0  as608.o(i.PS_StoreChar)
    i.PendSV_Handler                         0x080016e6   Section        0  stm32f10x_it.o(i.PendSV_Handler)
    i.ProcessInt                             0x080016e8   Section        0  ld3320.o(i.ProcessInt)
    ProcessInt                               0x080016e9   Thumb Code   172  ld3320.o(i.ProcessInt)
    i.RCC_APB1PeriphClockCmd                 0x0800179c   Section        0  stm32f10x_rcc.o(i.RCC_APB1PeriphClockCmd)
    i.RCC_APB1PeriphResetCmd                 0x080017bc   Section        0  stm32f10x_rcc.o(i.RCC_APB1PeriphResetCmd)
    i.RCC_APB2PeriphClockCmd                 0x080017dc   Section        0  stm32f10x_rcc.o(i.RCC_APB2PeriphClockCmd)
    i.RCC_APB2PeriphResetCmd                 0x080017fc   Section        0  stm32f10x_rcc.o(i.RCC_APB2PeriphResetCmd)
    i.RCC_GetClocksFreq                      0x0800181c   Section        0  stm32f10x_rcc.o(i.RCC_GetClocksFreq)
    i.Remote_Init                            0x080018f0   Section        0  remote.o(i.Remote_Init)
    i.Remote_Scan                            0x080019a8   Section        0  remote.o(i.Remote_Scan)
    i.SPI_I2S_GetFlagStatus                  0x08001a10   Section        0  stm32f10x_spi.o(i.SPI_I2S_GetFlagStatus)
    i.SPI_I2S_ReceiveData                    0x08001a22   Section        0  stm32f10x_spi.o(i.SPI_I2S_ReceiveData)
    i.SPI_I2S_SendData                       0x08001a28   Section        0  stm32f10x_spi.o(i.SPI_I2S_SendData)
    i.SVC_Handler                            0x08001a2c   Section        0  stm32f10x_it.o(i.SVC_Handler)
    i.SendAddr                               0x08001a30   Section        0  as608.o(i.SendAddr)
    SendAddr                                 0x08001a31   Thumb Code    46  as608.o(i.SendAddr)
    i.SendCheck                              0x08001a64   Section        0  as608.o(i.SendCheck)
    SendCheck                                0x08001a65   Thumb Code    18  as608.o(i.SendCheck)
    i.SendFlag                               0x08001a76   Section        0  as608.o(i.SendFlag)
    SendFlag                                 0x08001a77   Thumb Code    12  as608.o(i.SendFlag)
    i.SendHead                               0x08001a82   Section        0  as608.o(i.SendHead)
    SendHead                                 0x08001a83   Thumb Code    16  as608.o(i.SendHead)
    i.SendLength                             0x08001a92   Section        0  as608.o(i.SendLength)
    SendLength                               0x08001a93   Thumb Code    20  as608.o(i.SendLength)
    i.Sendcmd                                0x08001aa6   Section        0  as608.o(i.Sendcmd)
    Sendcmd                                  0x08001aa7   Thumb Code    12  as608.o(i.Sendcmd)
    i.SetSysClock                            0x08001ab2   Section        0  system_stm32f10x.o(i.SetSysClock)
    SetSysClock                              0x08001ab3   Thumb Code     8  system_stm32f10x.o(i.SetSysClock)
    i.SetSysClockTo72                        0x08001abc   Section        0  system_stm32f10x.o(i.SetSysClockTo72)
    SetSysClockTo72                          0x08001abd   Thumb Code   214  system_stm32f10x.o(i.SetSysClockTo72)
    i.ShowErrMessage                         0x08001b9c   Section        0  as608.o(i.ShowErrMessage)
    i.SysTick_CLKSourceConfig                0x08001b9e   Section        0  misc.o(i.SysTick_CLKSourceConfig)
    i.SysTick_Handler                        0x08001bc6   Section        0  stm32f10x_it.o(i.SysTick_Handler)
    i.SystemInit                             0x08001bc8   Section        0  system_stm32f10x.o(i.SystemInit)
    i.TI1_Config                             0x08001c28   Section        0  stm32f10x_tim.o(i.TI1_Config)
    TI1_Config                               0x08001c29   Thumb Code   108  stm32f10x_tim.o(i.TI1_Config)
    i.TI2_Config                             0x08001ca8   Section        0  stm32f10x_tim.o(i.TI2_Config)
    TI2_Config                               0x08001ca9   Thumb Code   130  stm32f10x_tim.o(i.TI2_Config)
    i.TI3_Config                             0x08001d40   Section        0  stm32f10x_tim.o(i.TI3_Config)
    TI3_Config                               0x08001d41   Thumb Code   122  stm32f10x_tim.o(i.TI3_Config)
    i.TI4_Config                             0x08001dd0   Section        0  stm32f10x_tim.o(i.TI4_Config)
    TI4_Config                               0x08001dd1   Thumb Code   130  stm32f10x_tim.o(i.TI4_Config)
    i.TIM2_IRQHandler                        0x08001e68   Section        0  remote.o(i.TIM2_IRQHandler)
    i.TIM3_IRQHandler                        0x08002004   Section        0  timer.o(i.TIM3_IRQHandler)
    i.TIM4_IRQHandler                        0x08002020   Section        0  main.o(i.TIM4_IRQHandler)
    i.TIM6_IRQHandler                        0x08002084   Section        0  main.o(i.TIM6_IRQHandler)
    i.TIM7_IRQHandler                        0x080021d4   Section        0  timer.o(i.TIM7_IRQHandler)
    i.TIM7_Int_Init                          0x08002208   Section        0  timer.o(i.TIM7_Int_Init)
    i.TIM_ClearFlag                          0x08002268   Section        0  stm32f10x_tim.o(i.TIM_ClearFlag)
    i.TIM_ClearITPendingBit                  0x0800226e   Section        0  stm32f10x_tim.o(i.TIM_ClearITPendingBit)
    i.TIM_Cmd                                0x08002274   Section        0  stm32f10x_tim.o(i.TIM_Cmd)
    i.TIM_GetCapture4                        0x0800228c   Section        0  stm32f10x_tim.o(i.TIM_GetCapture4)
    i.TIM_GetITStatus                        0x08002294   Section        0  stm32f10x_tim.o(i.TIM_GetITStatus)
    i.TIM_ICInit                             0x080022b8   Section        0  stm32f10x_tim.o(i.TIM_ICInit)
    i.TIM_ITConfig                           0x08002364   Section        0  stm32f10x_tim.o(i.TIM_ITConfig)
    i.TIM_InternalClockConfig                0x08002376   Section        0  stm32f10x_tim.o(i.TIM_InternalClockConfig)
    i.TIM_OC4PolarityConfig                  0x08002382   Section        0  stm32f10x_tim.o(i.TIM_OC4PolarityConfig)
    i.TIM_SetCounter                         0x0800239c   Section        0  stm32f10x_tim.o(i.TIM_SetCounter)
    i.TIM_SetIC1Prescaler                    0x080023a0   Section        0  stm32f10x_tim.o(i.TIM_SetIC1Prescaler)
    i.TIM_SetIC2Prescaler                    0x080023b2   Section        0  stm32f10x_tim.o(i.TIM_SetIC2Prescaler)
    i.TIM_SetIC3Prescaler                    0x080023cc   Section        0  stm32f10x_tim.o(i.TIM_SetIC3Prescaler)
    i.TIM_SetIC4Prescaler                    0x080023de   Section        0  stm32f10x_tim.o(i.TIM_SetIC4Prescaler)
    i.TIM_TimeBaseInit                       0x080023f8   Section        0  stm32f10x_tim.o(i.TIM_TimeBaseInit)
    i.Timer4_Init                            0x0800249c   Section        0  timer4.o(i.Timer4_Init)
    i.Timer6_Init                            0x08002508   Section        0  pwm.o(i.Timer6_Init)
    i.USART1_IRQHandler                      0x0800256c   Section        0  usart_1.o(i.USART1_IRQHandler)
    i.USART3_IRQHandler                      0x08002594   Section        0  usart3.o(i.USART3_IRQHandler)
    i.USART_Cmd                              0x08002604   Section        0  stm32f10x_usart.o(i.USART_Cmd)
    i.USART_DeInit                           0x0800261c   Section        0  stm32f10x_usart.o(i.USART_DeInit)
    i.USART_GetITStatus                      0x080026b8   Section        0  stm32f10x_usart.o(i.USART_GetITStatus)
    i.USART_ITConfig                         0x0800270c   Section        0  stm32f10x_usart.o(i.USART_ITConfig)
    i.USART_Init                             0x08002758   Section        0  stm32f10x_usart.o(i.USART_Init)
    i.USART_ReceiveData                      0x08002830   Section        0  stm32f10x_usart.o(i.USART_ReceiveData)
    i.UsageFault_Handler                     0x0800283a   Section        0  stm32f10x_it.o(i.UsageFault_Handler)
    i.Write_IIC_Byte                         0x08002840   Section        0  oled_iic.o(i.Write_IIC_Byte)
    i.Write_IIC_Command                      0x08002898   Section        0  oled_iic.o(i.Write_IIC_Command)
    i.Write_IIC_Data                         0x080028c4   Section        0  oled_iic.o(i.Write_IIC_Data)
    i.__0printf                              0x080028f0   Section        0  printfa.o(i.__0printf)
    i.__0sprintf                             0x08002910   Section        0  printfa.o(i.__0sprintf)
    i.__scatterload_copy                     0x08002938   Section       14  handlers.o(i.__scatterload_copy)
    i.__scatterload_null                     0x08002946   Section        2  handlers.o(i.__scatterload_null)
    i.__scatterload_zeroinit                 0x08002948   Section       14  handlers.o(i.__scatterload_zeroinit)
    i._fp_digits                             0x08002958   Section        0  printfa.o(i._fp_digits)
    _fp_digits                               0x08002959   Thumb Code   366  printfa.o(i._fp_digits)
    i._printf_core                           0x08002adc   Section        0  printfa.o(i._printf_core)
    _printf_core                             0x08002add   Thumb Code  1744  printfa.o(i._printf_core)
    i._printf_post_padding                   0x080031b8   Section        0  printfa.o(i._printf_post_padding)
    _printf_post_padding                     0x080031b9   Thumb Code    36  printfa.o(i._printf_post_padding)
    i._printf_pre_padding                    0x080031dc   Section        0  printfa.o(i._printf_pre_padding)
    _printf_pre_padding                      0x080031dd   Thumb Code    46  printfa.o(i._printf_pre_padding)
    i._sputc                                 0x0800320a   Section        0  printfa.o(i._sputc)
    _sputc                                   0x0800320b   Thumb Code    10  printfa.o(i._sputc)
    i.decied                                 0x08003214   Section        0  judge.o(i.decied)
    i.delay_init                             0x0800331c   Section        0  delay.o(i.delay_init)
    i.delay_ms                               0x08003360   Section        0  delay.o(i.delay_ms)
    i.fputc                                  0x080033ac   Section        0  usart.o(i.fputc)
    i.gpio_init                              0x080033c8   Section        0  gpio.o(i.gpio_init)
    i.judge                                  0x0800348c   Section        0  judge.o(i.judge)
    i.main                                   0x0800367c   Section        0  main.o(i.main)
    i.oled_pow                               0x08003740   Section        0  oled_iic.o(i.oled_pow)
    i.press_FR                               0x08003758   Section        0  as608.o(i.press_FR)
    i.spi_send_byte                          0x08003898   Section        0  ld3320.o(i.spi_send_byte)
    spi_send_byte                            0x08003899   Thumb Code    50  ld3320.o(i.spi_send_byte)
    i.usart3_init                            0x080038d0   Section        0  usart3.o(i.usart3_init)
    .data                                    0x20000000   Section       28  main.o(.data)
    .data                                    0x2000001c   Section       20  system_stm32f10x.o(.data)
    .data                                    0x20000030   Section        4  delay.o(.data)
    fac_us                                   0x20000030   Data           1  delay.o(.data)
    fac_ms                                   0x20000032   Data           2  delay.o(.data)
    .data                                    0x20000034   Section        6  usart.o(.data)
    .data                                    0x2000003a   Section       20  stm32f10x_rcc.o(.data)
    APBAHBPrescTable                         0x2000003a   Data          16  stm32f10x_rcc.o(.data)
    ADCPrescTable                            0x2000004a   Data           4  stm32f10x_rcc.o(.data)
    .data                                    0x20000050   Section     3188  oled_iic.o(.data)
    .data                                    0x20000cc4   Section       10  as608.o(.data)
    .data                                    0x20000cce   Section        2  usart3.o(.data)
    .data                                    0x20000cd0   Section        9  remote.o(.data)
    .data                                    0x20000cd9   Section        3  ld3320.o(.data)
    .bss                                     0x20000cdc   Section      800  usart3.o(.bss)
    STACK                                    0x20001000   Section     1024  startup_stm32f10x_hd.o(STACK)

    Global Symbols

    Symbol Name                              Value     Ov Type        Size  Object(Section)

    BuildAttributes$$THM_ISAv4$P$D$K$B$S$PE$A:L22UL41UL21$X:L11$S22US41US21$IEEE1$IW$USESV6$~STKCKD$USESV7$~SHL$OSPACE$ROPI$EBA8$MICROLIB$REQ8$PRES8$EABIv2 0x00000000   Number         0  anon$$obj.o ABSOLUTE
    __ARM_use_no_argv                        0x00000000   Number         0  main.o ABSOLUTE
    __use_no_errno                           0x00000000   Number         0  useno.o ABSOLUTE
    __use_no_exception_handling              0x00000000   Number         0  useno.o ABSOLUTE
    __use_no_fp                              0x00000000   Number         0  useno.o ABSOLUTE
    __use_no_heap                            0x00000000   Number         0  useno.o ABSOLUTE
    __use_no_heap_region                     0x00000000   Number         0  useno.o ABSOLUTE
    __use_no_semihosting                     0x00000000   Number         0  useno.o ABSOLUTE
    __use_no_semihosting_swi                 0x00000000   Number         0  useno.o ABSOLUTE
    __use_no_signal_handling                 0x00000000   Number         0  useno.o ABSOLUTE
    _printf_a                                0x00000000   Number         0  stubs.o ABSOLUTE
    _printf_c                                0x00000000   Number         0  stubs.o ABSOLUTE
    _printf_charcount                        0x00000000   Number         0  stubs.o ABSOLUTE
    _printf_d                                0x00000000   Number         0  stubs.o ABSOLUTE
    _printf_e                                0x00000000   Number         0  stubs.o ABSOLUTE
    _printf_f                                0x00000000   Number         0  stubs.o ABSOLUTE
    _printf_flags                            0x00000000   Number         0  stubs.o ABSOLUTE
    _printf_fp_dec                           0x00000000   Number         0  stubs.o ABSOLUTE
    _printf_fp_hex                           0x00000000   Number         0  stubs.o ABSOLUTE
    _printf_g                                0x00000000   Number         0  stubs.o ABSOLUTE
    _printf_i                                0x00000000   Number         0  stubs.o ABSOLUTE
    _printf_int_dec                          0x00000000   Number         0  stubs.o ABSOLUTE
    _printf_l                                0x00000000   Number         0  stubs.o ABSOLUTE
    _printf_lc                               0x00000000   Number         0  stubs.o ABSOLUTE
    _printf_ll                               0x00000000   Number         0  stubs.o ABSOLUTE
    _printf_lld                              0x00000000   Number         0  stubs.o ABSOLUTE
    _printf_lli                              0x00000000   Number         0  stubs.o ABSOLUTE
    _printf_llo                              0x00000000   Number         0  stubs.o ABSOLUTE
    _printf_llu                              0x00000000   Number         0  stubs.o ABSOLUTE
    _printf_llx                              0x00000000   Number         0  stubs.o ABSOLUTE
    _printf_longlong_dec                     0x00000000   Number         0  stubs.o ABSOLUTE
    _printf_longlong_hex                     0x00000000   Number         0  stubs.o ABSOLUTE
    _printf_longlong_oct                     0x00000000   Number         0  stubs.o ABSOLUTE
    _printf_ls                               0x00000000   Number         0  stubs.o ABSOLUTE
    _printf_mbtowc                           0x00000000   Number         0  stubs.o ABSOLUTE
    _printf_n                                0x00000000   Number         0  stubs.o ABSOLUTE
    _printf_o                                0x00000000   Number         0  stubs.o ABSOLUTE
    _printf_p                                0x00000000   Number         0  stubs.o ABSOLUTE
    _printf_percent                          0x00000000   Number         0  stubs.o ABSOLUTE
    _printf_pre_padding                      0x00000000   Number         0  stubs.o ABSOLUTE
    _printf_return_value                     0x00000000   Number         0  stubs.o ABSOLUTE
    _printf_s                                0x00000000   Number         0  stubs.o ABSOLUTE
    _printf_sizespec                         0x00000000   Number         0  stubs.o ABSOLUTE
    _printf_str                              0x00000000   Number         0  stubs.o ABSOLUTE
    _printf_truncate_signed                  0x00000000   Number         0  stubs.o ABSOLUTE
    _printf_truncate_unsigned                0x00000000   Number         0  stubs.o ABSOLUTE
    _printf_u                                0x00000000   Number         0  stubs.o ABSOLUTE
    _printf_wc                               0x00000000   Number         0  stubs.o ABSOLUTE
    _printf_wctomb                           0x00000000   Number         0  stubs.o ABSOLUTE
    _printf_widthprec                        0x00000000   Number         0  stubs.o ABSOLUTE
    _printf_x                                0x00000000   Number         0  stubs.o ABSOLUTE
    __cpp_initialize__aeabi_                  - Undefined Weak Reference
    __cxa_finalize                            - Undefined Weak Reference
    _clock_init                               - Undefined Weak Reference
    _microlib_exit                            - Undefined Weak Reference
    __Vectors_Size                           0x00000130   Number         0  startup_stm32f10x_hd.o ABSOLUTE
    __Vectors                                0x08000000   Data           4  startup_stm32f10x_hd.o(RESET)
    __Vectors_End                            0x08000130   Data           0  startup_stm32f10x_hd.o(RESET)
    __main                                   0x08000131   Thumb Code     0  entry.o(.ARM.Collect$$$$00000000)
    _main_stk                                0x08000131   Thumb Code     0  entry2.o(.ARM.Collect$$$$00000001)
    _main_scatterload                        0x08000135   Thumb Code     0  entry5.o(.ARM.Collect$$$$00000004)
    __main_after_scatterload                 0x08000139   Thumb Code     0  entry5.o(.ARM.Collect$$$$00000004)
    _main_clock                              0x08000139   Thumb Code     0  entry7b.o(.ARM.Collect$$$$00000008)
    _main_cpp_init                           0x08000139   Thumb Code     0  entry8b.o(.ARM.Collect$$$$0000000A)
    _main_init                               0x08000139   Thumb Code     0  entry9a.o(.ARM.Collect$$$$0000000B)
    __rt_final_cpp                           0x08000141   Thumb Code     0  entry10a.o(.ARM.Collect$$$$0000000D)
    __rt_final_exit                          0x08000141   Thumb Code     0  entry11a.o(.ARM.Collect$$$$0000000F)
    Reset_Handler                            0x08000145   Thumb Code     8  startup_stm32f10x_hd.o(.text)
    ADC1_2_IRQHandler                        0x0800015f   Thumb Code     0  startup_stm32f10x_hd.o(.text)
    ADC3_IRQHandler                          0x0800015f   Thumb Code     0  startup_stm32f10x_hd.o(.text)
    CAN1_RX1_IRQHandler                      0x0800015f   Thumb Code     0  startup_stm32f10x_hd.o(.text)
    CAN1_SCE_IRQHandler                      0x0800015f   Thumb Code     0  startup_stm32f10x_hd.o(.text)
    DMA1_Channel1_IRQHandler                 0x0800015f   Thumb Code     0  startup_stm32f10x_hd.o(.text)
    DMA1_Channel2_IRQHandler                 0x0800015f   Thumb Code     0  startup_stm32f10x_hd.o(.text)
    DMA1_Channel3_IRQHandler                 0x0800015f   Thumb Code     0  startup_stm32f10x_hd.o(.text)
    DMA1_Channel4_IRQHandler                 0x0800015f   Thumb Code     0  startup_stm32f10x_hd.o(.text)
    DMA1_Channel5_IRQHandler                 0x0800015f   Thumb Code     0  startup_stm32f10x_hd.o(.text)
    DMA1_Channel6_IRQHandler                 0x0800015f   Thumb Code     0  startup_stm32f10x_hd.o(.text)
    DMA1_Channel7_IRQHandler                 0x0800015f   Thumb Code     0  startup_stm32f10x_hd.o(.text)
    DMA2_Channel1_IRQHandler                 0x0800015f   Thumb Code     0  startup_stm32f10x_hd.o(.text)
    DMA2_Channel2_IRQHandler                 0x0800015f   Thumb Code     0  startup_stm32f10x_hd.o(.text)
    DMA2_Channel3_IRQHandler                 0x0800015f   Thumb Code     0  startup_stm32f10x_hd.o(.text)
    DMA2_Channel4_5_IRQHandler               0x0800015f   Thumb Code     0  startup_stm32f10x_hd.o(.text)
    EXTI0_IRQHandler                         0x0800015f   Thumb Code     0  startup_stm32f10x_hd.o(.text)
    EXTI1_IRQHandler                         0x0800015f   Thumb Code     0  startup_stm32f10x_hd.o(.text)
    EXTI2_IRQHandler                         0x0800015f   Thumb Code     0  startup_stm32f10x_hd.o(.text)
    EXTI3_IRQHandler                         0x0800015f   Thumb Code     0  startup_stm32f10x_hd.o(.text)
    EXTI4_IRQHandler                         0x0800015f   Thumb Code     0  startup_stm32f10x_hd.o(.text)
    EXTI9_5_IRQHandler                       0x0800015f   Thumb Code     0  startup_stm32f10x_hd.o(.text)
    FLASH_IRQHandler                         0x0800015f   Thumb Code     0  startup_stm32f10x_hd.o(.text)
    FSMC_IRQHandler                          0x0800015f   Thumb Code     0  startup_stm32f10x_hd.o(.text)
    I2C1_ER_IRQHandler                       0x0800015f   Thumb Code     0  startup_stm32f10x_hd.o(.text)
    I2C1_EV_IRQHandler                       0x0800015f   Thumb Code     0  startup_stm32f10x_hd.o(.text)
    I2C2_ER_IRQHandler                       0x0800015f   Thumb Code     0  startup_stm32f10x_hd.o(.text)
    I2C2_EV_IRQHandler                       0x0800015f   Thumb Code     0  startup_stm32f10x_hd.o(.text)
    PVD_IRQHandler                           0x0800015f   Thumb Code     0  startup_stm32f10x_hd.o(.text)
    RCC_IRQHandler                           0x0800015f   Thumb Code     0  startup_stm32f10x_hd.o(.text)
    RTCAlarm_IRQHandler                      0x0800015f   Thumb Code     0  startup_stm32f10x_hd.o(.text)
    RTC_IRQHandler                           0x0800015f   Thumb Code     0  startup_stm32f10x_hd.o(.text)
    SDIO_IRQHandler                          0x0800015f   Thumb Code     0  startup_stm32f10x_hd.o(.text)
    SPI1_IRQHandler                          0x0800015f   Thumb Code     0  startup_stm32f10x_hd.o(.text)
    SPI2_IRQHandler                          0x0800015f   Thumb Code     0  startup_stm32f10x_hd.o(.text)
    SPI3_IRQHandler                          0x0800015f   Thumb Code     0  startup_stm32f10x_hd.o(.text)
    TAMPER_IRQHandler                        0x0800015f   Thumb Code     0  startup_stm32f10x_hd.o(.text)
    TIM1_BRK_IRQHandler                      0x0800015f   Thumb Code     0  startup_stm32f10x_hd.o(.text)
    TIM1_CC_IRQHandler                       0x0800015f   Thumb Code     0  startup_stm32f10x_hd.o(.text)
    TIM1_TRG_COM_IRQHandler                  0x0800015f   Thumb Code     0  startup_stm32f10x_hd.o(.text)
    TIM1_UP_IRQHandler                       0x0800015f   Thumb Code     0  startup_stm32f10x_hd.o(.text)
    TIM5_IRQHandler                          0x0800015f   Thumb Code     0  startup_stm32f10x_hd.o(.text)
    TIM8_BRK_IRQHandler                      0x0800015f   Thumb Code     0  startup_stm32f10x_hd.o(.text)
    TIM8_CC_IRQHandler                       0x0800015f   Thumb Code     0  startup_stm32f10x_hd.o(.text)
    TIM8_TRG_COM_IRQHandler                  0x0800015f   Thumb Code     0  startup_stm32f10x_hd.o(.text)
    TIM8_UP_IRQHandler                       0x0800015f   Thumb Code     0  startup_stm32f10x_hd.o(.text)
    UART4_IRQHandler                         0x0800015f   Thumb Code     0  startup_stm32f10x_hd.o(.text)
    UART5_IRQHandler                         0x0800015f   Thumb Code     0  startup_stm32f10x_hd.o(.text)
    USART2_IRQHandler                        0x0800015f   Thumb Code     0  startup_stm32f10x_hd.o(.text)
    USBWakeUp_IRQHandler                     0x0800015f   Thumb Code     0  startup_stm32f10x_hd.o(.text)
    USB_HP_CAN1_TX_IRQHandler                0x0800015f   Thumb Code     0  startup_stm32f10x_hd.o(.text)
    USB_LP_CAN1_RX0_IRQHandler               0x0800015f   Thumb Code     0  startup_stm32f10x_hd.o(.text)
    WWDG_IRQHandler                          0x0800015f   Thumb Code     0  startup_stm32f10x_hd.o(.text)
    strstr                                   0x08000169   Thumb Code    36  strstr.o(.text)
    strchr                                   0x0800018d   Thumb Code    20  strchr.o(.text)
    __aeabi_uidiv                            0x080001a1   Thumb Code     0  uidiv.o(.text)
    __aeabi_uidivmod                         0x080001a1   Thumb Code    44  uidiv.o(.text)
    __aeabi_uldivmod                         0x080001cd   Thumb Code    98  uldiv.o(.text)
    __I$use$fp                               0x0800022f   Thumb Code     0  iusefp.o(.text)
    __aeabi_dadd                             0x0800022f   Thumb Code   322  dadd.o(.text)
    __aeabi_dsub                             0x08000371   Thumb Code     6  dadd.o(.text)
    __aeabi_drsub                            0x08000377   Thumb Code     6  dadd.o(.text)
    __aeabi_dmul                             0x0800037d   Thumb Code   228  dmul.o(.text)
    __aeabi_ddiv                             0x08000461   Thumb Code   222  ddiv.o(.text)
    __aeabi_d2ulz                            0x0800053f   Thumb Code    48  dfixul.o(.text)
    __aeabi_cdrcmple                         0x08000571   Thumb Code    48  cdrcmple.o(.text)
    __scatterload                            0x080005a1   Thumb Code    28  init.o(.text)
    __scatterload_rt2                        0x080005a1   Thumb Code     0  init.o(.text)
    __aeabi_llsl                             0x080005c5   Thumb Code    30  llshl.o(.text)
    _ll_shift_l                              0x080005c5   Thumb Code     0  llshl.o(.text)
    __aeabi_llsr                             0x080005e3   Thumb Code    32  llushr.o(.text)
    _ll_ushift_r                             0x080005e3   Thumb Code     0  llushr.o(.text)
    __aeabi_lasr                             0x08000603   Thumb Code    36  llsshr.o(.text)
    _ll_sshift_r                             0x08000603   Thumb Code     0  llsshr.o(.text)
    _double_round                            0x08000627   Thumb Code    30  depilogue.o(.text)
    _double_epilogue                         0x08000645   Thumb Code   156  depilogue.o(.text)
    __decompress                             0x080006e1   Thumb Code     0  __dczerorl2.o(.text)
    __decompress1                            0x080006e1   Thumb Code    86  __dczerorl2.o(.text)
    Add_FR                                   0x08000739   Thumb Code   626  as608.o(i.Add_FR)
    BusFault_Handler                         0x08000af9   Thumb Code     4  stm32f10x_it.o(i.BusFault_Handler)
    DebugMon_Handler                         0x08000afd   Thumb Code     2  stm32f10x_it.o(i.DebugMon_Handler)
    Del_FR                                   0x08000b01   Thumb Code   280  as608.o(i.Del_FR)
    EXTI15_10_IRQHandler                     0x08000cc9   Thumb Code    40  ld3320.o(i.EXTI15_10_IRQHandler)
    EXTI_ClearFlag                           0x08000d01   Thumb Code     6  stm32f10x_exti.o(i.EXTI_ClearFlag)
    EXTI_ClearITPendingBit                   0x08000d0d   Thumb Code     6  stm32f10x_exti.o(i.EXTI_ClearITPendingBit)
    EXTI_GetITStatus                         0x08000d19   Thumb Code    34  stm32f10x_exti.o(i.EXTI_GetITStatus)
    GB16_NUM                                 0x08000d41   Thumb Code    18  oled_iic.o(i.GB16_NUM)
    GPIO_Init                                0x08000d59   Thumb Code   278  stm32f10x_gpio.o(i.GPIO_Init)
    GPIO_ReadInputDataBit                    0x08000e6f   Thumb Code    18  stm32f10x_gpio.o(i.GPIO_ReadInputDataBit)
    GPIO_ResetBits                           0x08000e81   Thumb Code     4  stm32f10x_gpio.o(i.GPIO_ResetBits)
    GPIO_SetBits                             0x08000e85   Thumb Code     4  stm32f10x_gpio.o(i.GPIO_SetBits)
    HardFault_Handler                        0x08000e89   Thumb Code     4  stm32f10x_it.o(i.HardFault_Handler)
    IIC_GPIO_Config                          0x08000e9d   Thumb Code    60  oled_iic.o(i.IIC_GPIO_Config)
    IIC_Start                                0x08000edd   Thumb Code    42  oled_iic.o(i.IIC_Start)
    IIC_Stop                                 0x08000f11   Thumb Code    28  oled_iic.o(i.IIC_Stop)
    IIC_WaitAck                              0x08000f35   Thumb Code    58  oled_iic.o(i.IIC_WaitAck)
    MemManage_Handler                        0x0800109d   Thumb Code     4  stm32f10x_it.o(i.MemManage_Handler)
    NMI_Handler                              0x080010a1   Thumb Code     2  stm32f10x_it.o(i.NMI_Handler)
    NVIC_Init                                0x080010a5   Thumb Code   100  misc.o(i.NVIC_Init)
    NVIC_PriorityGroupConfig                 0x08001115   Thumb Code    10  misc.o(i.NVIC_PriorityGroupConfig)
    OLED_Clear                               0x08001129   Thumb Code    10  oled_iic.o(i.OLED_Clear)
    OLED_Fill                                0x08001133   Thumb Code    58  oled_iic.o(i.OLED_Fill)
    OLED_Init                                0x0800116d   Thumb Code   170  oled_iic.o(i.OLED_Init)
    OLED_Set_Pos                             0x08001217   Thumb Code    46  oled_iic.o(i.OLED_Set_Pos)
    OLED_ShowCH                              0x08001245   Thumb Code   284  oled_iic.o(i.OLED_ShowCH)
    OLED_ShowChar                            0x08001375   Thumb Code   102  oled_iic.o(i.OLED_ShowChar)
    OLED_ShowNum                             0x080013e1   Thumb Code   124  oled_iic.o(i.OLED_ShowNum)
    PS_DeletChar                             0x0800145d   Thumb Code   108  as608.o(i.PS_DeletChar)
    PS_Empty                                 0x080014c9   Thumb Code    58  as608.o(i.PS_Empty)
    PS_GenChar                               0x08001503   Thumb Code    70  as608.o(i.PS_GenChar)
    PS_GetImage                              0x08001549   Thumb Code    58  as608.o(i.PS_GetImage)
    PS_HighSpeedSearch                       0x08001583   Thumb Code   144  as608.o(i.PS_HighSpeedSearch)
    PS_Match                                 0x08001613   Thumb Code    58  as608.o(i.PS_Match)
    PS_RegModel                              0x0800164d   Thumb Code    58  as608.o(i.PS_RegModel)
    PS_StoreChar                             0x08001687   Thumb Code    96  as608.o(i.PS_StoreChar)
    PendSV_Handler                           0x080016e7   Thumb Code     2  stm32f10x_it.o(i.PendSV_Handler)
    RCC_APB1PeriphClockCmd                   0x0800179d   Thumb Code    26  stm32f10x_rcc.o(i.RCC_APB1PeriphClockCmd)
    RCC_APB1PeriphResetCmd                   0x080017bd   Thumb Code    26  stm32f10x_rcc.o(i.RCC_APB1PeriphResetCmd)
    RCC_APB2PeriphClockCmd                   0x080017dd   Thumb Code    26  stm32f10x_rcc.o(i.RCC_APB2PeriphClockCmd)
    RCC_APB2PeriphResetCmd                   0x080017fd   Thumb Code    26  stm32f10x_rcc.o(i.RCC_APB2PeriphResetCmd)
    RCC_GetClocksFreq                        0x0800181d   Thumb Code   192  stm32f10x_rcc.o(i.RCC_GetClocksFreq)
    Remote_Init                              0x080018f1   Thumb Code   178  remote.o(i.Remote_Init)
    Remote_Scan                              0x080019a9   Thumb Code    92  remote.o(i.Remote_Scan)
    SPI_I2S_GetFlagStatus                    0x08001a11   Thumb Code    18  stm32f10x_spi.o(i.SPI_I2S_GetFlagStatus)
    SPI_I2S_ReceiveData                      0x08001a23   Thumb Code     6  stm32f10x_spi.o(i.SPI_I2S_ReceiveData)
    SPI_I2S_SendData                         0x08001a29   Thumb Code     4  stm32f10x_spi.o(i.SPI_I2S_SendData)
    SVC_Handler                              0x08001a2d   Thumb Code     2  stm32f10x_it.o(i.SVC_Handler)
    ShowErrMessage                           0x08001b9d   Thumb Code     2  as608.o(i.ShowErrMessage)
    SysTick_CLKSourceConfig                  0x08001b9f   Thumb Code    40  misc.o(i.SysTick_CLKSourceConfig)
    SysTick_Handler                          0x08001bc7   Thumb Code     2  stm32f10x_it.o(i.SysTick_Handler)
    SystemInit                               0x08001bc9   Thumb Code    78  system_stm32f10x.o(i.SystemInit)
    TIM2_IRQHandler                          0x08001e69   Thumb Code   390  remote.o(i.TIM2_IRQHandler)
    TIM3_IRQHandler                          0x08002005   Thumb Code    22  timer.o(i.TIM3_IRQHandler)
    TIM4_IRQHandler                          0x08002021   Thumb Code    86  main.o(i.TIM4_IRQHandler)
    TIM6_IRQHandler                          0x08002085   Thumb Code   304  main.o(i.TIM6_IRQHandler)
    TIM7_IRQHandler                          0x080021d5   Thumb Code    42  timer.o(i.TIM7_IRQHandler)
    TIM7_Int_Init                            0x08002209   Thumb Code    90  timer.o(i.TIM7_Int_Init)
    TIM_ClearFlag                            0x08002269   Thumb Code     6  stm32f10x_tim.o(i.TIM_ClearFlag)
    TIM_ClearITPendingBit                    0x0800226f   Thumb Code     6  stm32f10x_tim.o(i.TIM_ClearITPendingBit)
    TIM_Cmd                                  0x08002275   Thumb Code    24  stm32f10x_tim.o(i.TIM_Cmd)
    TIM_GetCapture4                          0x0800228d   Thumb Code     8  stm32f10x_tim.o(i.TIM_GetCapture4)
    TIM_GetITStatus                          0x08002295   Thumb Code    34  stm32f10x_tim.o(i.TIM_GetITStatus)
    TIM_ICInit                               0x080022b9   Thumb Code   150  stm32f10x_tim.o(i.TIM_ICInit)
    TIM_ITConfig                             0x08002365   Thumb Code    18  stm32f10x_tim.o(i.TIM_ITConfig)
    TIM_InternalClockConfig                  0x08002377   Thumb Code    12  stm32f10x_tim.o(i.TIM_InternalClockConfig)
    TIM_OC4PolarityConfig                    0x08002383   Thumb Code    26  stm32f10x_tim.o(i.TIM_OC4PolarityConfig)
    TIM_SetCounter                           0x0800239d   Thumb Code     4  stm32f10x_tim.o(i.TIM_SetCounter)
    TIM_SetIC1Prescaler                      0x080023a1   Thumb Code    18  stm32f10x_tim.o(i.TIM_SetIC1Prescaler)
    TIM_SetIC2Prescaler                      0x080023b3   Thumb Code    26  stm32f10x_tim.o(i.TIM_SetIC2Prescaler)
    TIM_SetIC3Prescaler                      0x080023cd   Thumb Code    18  stm32f10x_tim.o(i.TIM_SetIC3Prescaler)
    TIM_SetIC4Prescaler                      0x080023df   Thumb Code    26  stm32f10x_tim.o(i.TIM_SetIC4Prescaler)
    TIM_TimeBaseInit                         0x080023f9   Thumb Code   122  stm32f10x_tim.o(i.TIM_TimeBaseInit)
    Timer4_Init                              0x0800249d   Thumb Code   100  timer4.o(i.Timer4_Init)
    Timer6_Init                              0x08002509   Thumb Code    96  pwm.o(i.Timer6_Init)
    USART1_IRQHandler                        0x0800256d   Thumb Code    32  usart_1.o(i.USART1_IRQHandler)
    USART3_IRQHandler                        0x08002595   Thumb Code    94  usart3.o(i.USART3_IRQHandler)
    USART_Cmd                                0x08002605   Thumb Code    24  stm32f10x_usart.o(i.USART_Cmd)
    USART_DeInit                             0x0800261d   Thumb Code   134  stm32f10x_usart.o(i.USART_DeInit)
    USART_GetITStatus                        0x080026b9   Thumb Code    84  stm32f10x_usart.o(i.USART_GetITStatus)
    USART_ITConfig                           0x0800270d   Thumb Code    74  stm32f10x_usart.o(i.USART_ITConfig)
    USART_Init                               0x08002759   Thumb Code   210  stm32f10x_usart.o(i.USART_Init)
    USART_ReceiveData                        0x08002831   Thumb Code    10  stm32f10x_usart.o(i.USART_ReceiveData)
    UsageFault_Handler                       0x0800283b   Thumb Code     4  stm32f10x_it.o(i.UsageFault_Handler)
    Write_IIC_Byte                           0x08002841   Thumb Code    80  oled_iic.o(i.Write_IIC_Byte)
    Write_IIC_Command                        0x08002899   Thumb Code    44  oled_iic.o(i.Write_IIC_Command)
    Write_IIC_Data                           0x080028c5   Thumb Code    44  oled_iic.o(i.Write_IIC_Data)
    __0printf                                0x080028f1   Thumb Code    22  printfa.o(i.__0printf)
    __1printf                                0x080028f1   Thumb Code     0  printfa.o(i.__0printf)
    __2printf                                0x080028f1   Thumb Code     0  printfa.o(i.__0printf)
    __c89printf                              0x080028f1   Thumb Code     0  printfa.o(i.__0printf)
    printf                                   0x080028f1   Thumb Code     0  printfa.o(i.__0printf)
    __0sprintf                               0x08002911   Thumb Code    34  printfa.o(i.__0sprintf)
    __1sprintf                               0x08002911   Thumb Code     0  printfa.o(i.__0sprintf)
    __2sprintf                               0x08002911   Thumb Code     0  printfa.o(i.__0sprintf)
    __c89sprintf                             0x08002911   Thumb Code     0  printfa.o(i.__0sprintf)
    sprintf                                  0x08002911   Thumb Code     0  printfa.o(i.__0sprintf)
    __scatterload_copy                       0x08002939   Thumb Code    14  handlers.o(i.__scatterload_copy)
    __scatterload_null                       0x08002947   Thumb Code     2  handlers.o(i.__scatterload_null)
    __scatterload_zeroinit                   0x08002949   Thumb Code    14  handlers.o(i.__scatterload_zeroinit)
    decied                                   0x08003215   Thumb Code   232  judge.o(i.decied)
    delay_init                               0x0800331d   Thumb Code    50  delay.o(i.delay_init)
    delay_ms                                 0x08003361   Thumb Code    72  delay.o(i.delay_ms)
    fputc                                    0x080033ad   Thumb Code    24  usart.o(i.fputc)
    gpio_init                                0x080033c9   Thumb Code   184  gpio.o(i.gpio_init)
    judge                                    0x0800348d   Thumb Code   428  judge.o(i.judge)
    main                                     0x0800367d   Thumb Code   120  main.o(i.main)
    oled_pow                                 0x08003741   Thumb Code    22  oled_iic.o(i.oled_pow)
    press_FR                                 0x08003759   Thumb Code   194  as608.o(i.press_FR)
    usart3_init                              0x080038d1   Thumb Code   190  usart3.o(i.usart3_init)
    Region$$Table$$Base                      0x080039a0   Number         0  anon$$obj.o(Region$$Table)
    Region$$Table$$Limit                     0x080039c0   Number         0  anon$$obj.o(Region$$Table)
    ret                                      0x20000000   Data           2  main.o(.data)
    aa                                       0x20000002   Data           2  main.o(.data)
    diretion                                 0x20000004   Data           4  main.o(.data)
    key_num                                  0x20000008   Data           2  main.o(.data)
    counter_1                                0x2000000c   Data           4  main.o(.data)
    counter_2                                0x20000010   Data           4  main.o(.data)
    Counter                                  0x20000014   Data           4  main.o(.data)
    Compare                                  0x20000018   Data           4  main.o(.data)
    SystemCoreClock                          0x2000001c   Data           4  system_stm32f10x.o(.data)
    AHBPrescTable                            0x20000020   Data          16  system_stm32f10x.o(.data)
    __stdout                                 0x20000034   Data           4  usart.o(.data)
    USART_RX_STA                             0x20000038   Data           2  usart.o(.data)
    zf                                       0x20000050   Data        1520  oled_iic.o(.data)
    hz                                       0x20000640   Data        1472  oled_iic.o(.data)
    hz_index                                 0x20000c00   Data          93  oled_iic.o(.data)
    zf_index                                 0x20000c5d   Data          96  oled_iic.o(.data)
    HZ                                       0x20000cc0   Data           4  oled_iic.o(.data)
    AS608Addr                                0x20000cc4   Data           4  as608.o(.data)
    str2                                     0x20000cc8   Data           6  as608.o(.data)
    USART3_RX_STA                            0x20000cce   Data           2  usart3.o(.data)
    RmtSta                                   0x20000cd0   Data           1  remote.o(.data)
    Dval                                     0x20000cd2   Data           2  remote.o(.data)
    RmtRec                                   0x20000cd4   Data           4  remote.o(.data)
    RmtCnt                                   0x20000cd8   Data           1  remote.o(.data)
    nAsrStatus                               0x20000cd9   Data           1  ld3320.o(.data)
    nLD_Mode                                 0x20000cda   Data           1  ld3320.o(.data)
    ucRegVal                                 0x20000cdb   Data           1  ld3320.o(.data)
    USART3_RX_BUF                            0x20000cdc   Data         400  usart3.o(.bss)
    USART3_TX_BUF                            0x20000e6c   Data         400  usart3.o(.bss)
    __initial_sp                             0x20001400   Data           0  startup_stm32f10x_hd.o(STACK)



==============================================================================

Memory Map of the image

  Image Entry point : 0x08000145

  Load Region LR_1 (Base: 0x08000000, Size: 0x0000469c, Max: 0xffffffff, ABSOLUTE, COMPRESSED[0x000042b0])

    Execution Region ER_RO (Base: 0x08000000, Size: 0x000039c0, Max: 0xffffffff, ABSOLUTE)

    Base Addr    Size         Type   Attr      Idx    E Section Name        Object

    0x08000000   0x00000130   Data   RO          386    RESET               startup_stm32f10x_hd.o
    0x08000130   0x00000000   Code   RO         4061  * .ARM.Collect$$$$00000000  mc_w.l(entry.o)
    0x08000130   0x00000004   Code   RO         4335    .ARM.Collect$$$$00000001  mc_w.l(entry2.o)
    0x08000134   0x00000004   Code   RO         4338    .ARM.Collect$$$$00000004  mc_w.l(entry5.o)
    0x08000138   0x00000000   Code   RO         4340    .ARM.Collect$$$$00000008  mc_w.l(entry7b.o)
    0x08000138   0x00000000   Code   RO         4342    .ARM.Collect$$$$0000000A  mc_w.l(entry8b.o)
    0x08000138   0x00000008   Code   RO         4343    .ARM.Collect$$$$0000000B  mc_w.l(entry9a.o)
    0x08000140   0x00000000   Code   RO         4345    .ARM.Collect$$$$0000000D  mc_w.l(entry10a.o)
    0x08000140   0x00000000   Code   RO         4347    .ARM.Collect$$$$0000000F  mc_w.l(entry11a.o)
    0x08000140   0x00000004   Code   RO         4336    .ARM.Collect$$$$00002712  mc_w.l(entry2.o)
    0x08000144   0x00000024   Code   RO          387  * .text               startup_stm32f10x_hd.o
    0x08000168   0x00000024   Code   RO         4066    .text               mc_w.l(strstr.o)
    0x0800018c   0x00000014   Code   RO         4068    .text               mc_w.l(strchr.o)
    0x080001a0   0x0000002c   Code   RO         4349    .text               mc_w.l(uidiv.o)
    0x080001cc   0x00000062   Code   RO         4351    .text               mc_w.l(uldiv.o)
    0x0800022e   0x00000000   Code   RO         4353    .text               mc_w.l(iusefp.o)
    0x0800022e   0x0000014e   Code   RO         4354    .text               mf_w.l(dadd.o)
    0x0800037c   0x000000e4   Code   RO         4356    .text               mf_w.l(dmul.o)
    0x08000460   0x000000de   Code   RO         4358    .text               mf_w.l(ddiv.o)
    0x0800053e   0x00000030   Code   RO         4360    .text               mf_w.l(dfixul.o)
    0x0800056e   0x00000002   PAD
    0x08000570   0x00000030   Code   RO         4362    .text               mf_w.l(cdrcmple.o)
    0x080005a0   0x00000024   Code   RO         4364    .text               mc_w.l(init.o)
    0x080005c4   0x0000001e   Code   RO         4366    .text               mc_w.l(llshl.o)
    0x080005e2   0x00000020   Code   RO         4368    .text               mc_w.l(llushr.o)
    0x08000602   0x00000024   Code   RO         4370    .text               mc_w.l(llsshr.o)
    0x08000626   0x000000ba   Code   RO         4372    .text               mf_w.l(depilogue.o)
    0x080006e0   0x00000056   Code   RO         4382    .text               mc_w.l(__dczerorl2.o)
    0x08000736   0x00000002   PAD
    0x08000738   0x000003c0   Code   RO         3495    i.Add_FR            as608.o
    0x08000af8   0x00000004   Code   RO          161    i.BusFault_Handler  stm32f10x_it.o
    0x08000afc   0x00000002   Code   RO          162    i.DebugMon_Handler  stm32f10x_it.o
    0x08000afe   0x00000002   PAD
    0x08000b00   0x000001c8   Code   RO         3496    i.Del_FR            as608.o
    0x08000cc8   0x00000038   Code   RO         3833    i.EXTI15_10_IRQHandler  ld3320.o
    0x08000d00   0x0000000c   Code   RO         1188    i.EXTI_ClearFlag    stm32f10x_exti.o
    0x08000d0c   0x0000000c   Code   RO         1189    i.EXTI_ClearITPendingBit  stm32f10x_exti.o
    0x08000d18   0x00000028   Code   RO         1193    i.EXTI_GetITStatus  stm32f10x_exti.o
    0x08000d40   0x00000018   Code   RO         3358    i.GB16_NUM          oled_iic.o
    0x08000d58   0x00000116   Code   RO         1542    i.GPIO_Init         stm32f10x_gpio.o
    0x08000e6e   0x00000012   Code   RO         1546    i.GPIO_ReadInputDataBit  stm32f10x_gpio.o
    0x08000e80   0x00000004   Code   RO         1549    i.GPIO_ResetBits    stm32f10x_gpio.o
    0x08000e84   0x00000004   Code   RO         1550    i.GPIO_SetBits      stm32f10x_gpio.o
    0x08000e88   0x00000004   Code   RO          163    i.HardFault_Handler  stm32f10x_it.o
    0x08000e8c   0x0000000e   Code   RO         3359    i.IIC_Delay         oled_iic.o
    0x08000e9a   0x00000002   PAD
    0x08000e9c   0x00000040   Code   RO         3360    i.IIC_GPIO_Config   oled_iic.o
    0x08000edc   0x00000034   Code   RO         3361    i.IIC_Start         oled_iic.o
    0x08000f10   0x00000024   Code   RO         3362    i.IIC_Stop          oled_iic.o
    0x08000f34   0x00000048   Code   RO         3363    i.IIC_WaitAck       oled_iic.o
    0x08000f7c   0x00000088   Code   RO         3498    i.JudgeStr          as608.o
    0x08001004   0x00000040   Code   RO         3851    i.LD_ReadReg        ld3320.o
    0x08001044   0x0000003c   Code   RO         3852    i.LD_WriteReg       ld3320.o
    0x08001080   0x0000001c   Code   RO         3499    i.MYUSART_SendData  as608.o
    0x0800109c   0x00000004   Code   RO          164    i.MemManage_Handler  stm32f10x_it.o
    0x080010a0   0x00000002   Code   RO          165    i.NMI_Handler       stm32f10x_it.o
    0x080010a2   0x00000002   PAD
    0x080010a4   0x00000070   Code   RO          391    i.NVIC_Init         misc.o
    0x08001114   0x00000014   Code   RO          392    i.NVIC_PriorityGroupConfig  misc.o
    0x08001128   0x0000000a   Code   RO         3364    i.OLED_Clear        oled_iic.o
    0x08001132   0x0000003a   Code   RO         3366    i.OLED_Fill         oled_iic.o
    0x0800116c   0x000000aa   Code   RO         3367    i.OLED_Init         oled_iic.o
    0x08001216   0x0000002e   Code   RO         3370    i.OLED_Set_Pos      oled_iic.o
    0x08001244   0x00000130   Code   RO         3371    i.OLED_ShowCH       oled_iic.o
    0x08001374   0x0000006c   Code   RO         3372    i.OLED_ShowChar     oled_iic.o
    0x080013e0   0x0000007c   Code   RO         3373    i.OLED_ShowNum      oled_iic.o
    0x0800145c   0x0000006c   Code   RO         3500    i.PS_DeletChar      as608.o
    0x080014c8   0x0000003a   Code   RO         3501    i.PS_Empty          as608.o
    0x08001502   0x00000046   Code   RO         3502    i.PS_GenChar        as608.o
    0x08001548   0x0000003a   Code   RO         3503    i.PS_GetImage       as608.o
    0x08001582   0x00000090   Code   RO         3505    i.PS_HighSpeedSearch  as608.o
    0x08001612   0x0000003a   Code   RO         3506    i.PS_Match          as608.o
    0x0800164c   0x0000003a   Code   RO         3509    i.PS_RegModel       as608.o
    0x08001686   0x00000060   Code   RO         3512    i.PS_StoreChar      as608.o
    0x080016e6   0x00000002   Code   RO          166    i.PendSV_Handler    stm32f10x_it.o
    0x080016e8   0x000000b4   Code   RO         3856    i.ProcessInt        ld3320.o
    0x0800179c   0x00000020   Code   RO         1958    i.RCC_APB1PeriphClockCmd  stm32f10x_rcc.o
    0x080017bc   0x00000020   Code   RO         1959    i.RCC_APB1PeriphResetCmd  stm32f10x_rcc.o
    0x080017dc   0x00000020   Code   RO         1960    i.RCC_APB2PeriphClockCmd  stm32f10x_rcc.o
    0x080017fc   0x00000020   Code   RO         1961    i.RCC_APB2PeriphResetCmd  stm32f10x_rcc.o
    0x0800181c   0x000000d4   Code   RO         1968    i.RCC_GetClocksFreq  stm32f10x_rcc.o
    0x080018f0   0x000000b8   Code   RO         3797    i.Remote_Init       remote.o
    0x080019a8   0x00000068   Code   RO         3798    i.Remote_Scan       remote.o
    0x08001a10   0x00000012   Code   RO         2445    i.SPI_I2S_GetFlagStatus  stm32f10x_spi.o
    0x08001a22   0x00000006   Code   RO         2448    i.SPI_I2S_ReceiveData  stm32f10x_spi.o
    0x08001a28   0x00000004   Code   RO         2449    i.SPI_I2S_SendData  stm32f10x_spi.o
    0x08001a2c   0x00000002   Code   RO          167    i.SVC_Handler       stm32f10x_it.o
    0x08001a2e   0x00000002   PAD
    0x08001a30   0x00000034   Code   RO         3516    i.SendAddr          as608.o
    0x08001a64   0x00000012   Code   RO         3517    i.SendCheck         as608.o
    0x08001a76   0x0000000c   Code   RO         3518    i.SendFlag          as608.o
    0x08001a82   0x00000010   Code   RO         3519    i.SendHead          as608.o
    0x08001a92   0x00000014   Code   RO         3520    i.SendLength        as608.o
    0x08001aa6   0x0000000c   Code   RO         3521    i.Sendcmd           as608.o
    0x08001ab2   0x00000008   Code   RO          250    i.SetSysClock       system_stm32f10x.o
    0x08001aba   0x00000002   PAD
    0x08001abc   0x000000e0   Code   RO          251    i.SetSysClockTo72   system_stm32f10x.o
    0x08001b9c   0x00000002   Code   RO         3522    i.ShowErrMessage    as608.o
    0x08001b9e   0x00000028   Code   RO          395    i.SysTick_CLKSourceConfig  misc.o
    0x08001bc6   0x00000002   Code   RO          168    i.SysTick_Handler   stm32f10x_it.o
    0x08001bc8   0x00000060   Code   RO          253    i.SystemInit        system_stm32f10x.o
    0x08001c28   0x00000080   Code   RO         2576    i.TI1_Config        stm32f10x_tim.o
    0x08001ca8   0x00000098   Code   RO         2577    i.TI2_Config        stm32f10x_tim.o
    0x08001d40   0x00000090   Code   RO         2578    i.TI3_Config        stm32f10x_tim.o
    0x08001dd0   0x00000098   Code   RO         2579    i.TI4_Config        stm32f10x_tim.o
    0x08001e68   0x0000019c   Code   RO         3799    i.TIM2_IRQHandler   remote.o
    0x08002004   0x0000001c   Code   RO         3702    i.TIM3_IRQHandler   timer.o
    0x08002020   0x00000064   Code   RO            1    i.TIM4_IRQHandler   main.o
    0x08002084   0x00000150   Code   RO            2    i.TIM6_IRQHandler   main.o
    0x080021d4   0x00000034   Code   RO         3704    i.TIM7_IRQHandler   timer.o
    0x08002208   0x00000060   Code   RO         3705    i.TIM7_Int_Init     timer.o
    0x08002268   0x00000006   Code   RO         2586    i.TIM_ClearFlag     stm32f10x_tim.o
    0x0800226e   0x00000006   Code   RO         2587    i.TIM_ClearITPendingBit  stm32f10x_tim.o
    0x08002274   0x00000018   Code   RO         2592    i.TIM_Cmd           stm32f10x_tim.o
    0x0800228c   0x00000008   Code   RO         2610    i.TIM_GetCapture4   stm32f10x_tim.o
    0x08002294   0x00000022   Code   RO         2613    i.TIM_GetITStatus   stm32f10x_tim.o
    0x080022b6   0x00000002   PAD
    0x080022b8   0x000000ac   Code   RO         2615    i.TIM_ICInit        stm32f10x_tim.o
    0x08002364   0x00000012   Code   RO         2617    i.TIM_ITConfig      stm32f10x_tim.o
    0x08002376   0x0000000c   Code   RO         2619    i.TIM_InternalClockConfig  stm32f10x_tim.o
    0x08002382   0x0000001a   Code   RO         2637    i.TIM_OC4PolarityConfig  stm32f10x_tim.o
    0x0800239c   0x00000004   Code   RO         2657    i.TIM_SetCounter    stm32f10x_tim.o
    0x080023a0   0x00000012   Code   RO         2658    i.TIM_SetIC1Prescaler  stm32f10x_tim.o
    0x080023b2   0x0000001a   Code   RO         2659    i.TIM_SetIC2Prescaler  stm32f10x_tim.o
    0x080023cc   0x00000012   Code   RO         2660    i.TIM_SetIC3Prescaler  stm32f10x_tim.o
    0x080023de   0x0000001a   Code   RO         2661    i.TIM_SetIC4Prescaler  stm32f10x_tim.o
    0x080023f8   0x000000a4   Code   RO         2663    i.TIM_TimeBaseInit  stm32f10x_tim.o
    0x0800249c   0x0000006c   Code   RO         3785    i.Timer4_Init       timer4.o
    0x08002508   0x00000064   Code   RO         3773    i.Timer6_Init       pwm.o
    0x0800256c   0x00000028   Code   RO         4024    i.USART1_IRQHandler  usart_1.o
    0x08002594   0x00000070   Code   RO         3732    i.USART3_IRQHandler  usart3.o
    0x08002604   0x00000018   Code   RO         3128    i.USART_Cmd         stm32f10x_usart.o
    0x0800261c   0x0000009c   Code   RO         3130    i.USART_DeInit      stm32f10x_usart.o
    0x080026b8   0x00000054   Code   RO         3132    i.USART_GetITStatus  stm32f10x_usart.o
    0x0800270c   0x0000004a   Code   RO         3134    i.USART_ITConfig    stm32f10x_usart.o
    0x08002756   0x00000002   PAD
    0x08002758   0x000000d8   Code   RO         3135    i.USART_Init        stm32f10x_usart.o
    0x08002830   0x0000000a   Code   RO         3142    i.USART_ReceiveData  stm32f10x_usart.o
    0x0800283a   0x00000004   Code   RO          169    i.UsageFault_Handler  stm32f10x_it.o
    0x0800283e   0x00000002   PAD
    0x08002840   0x00000058   Code   RO         3374    i.Write_IIC_Byte    oled_iic.o
    0x08002898   0x0000002c   Code   RO         3375    i.Write_IIC_Command  oled_iic.o
    0x080028c4   0x0000002c   Code   RO         3376    i.Write_IIC_Data    oled_iic.o
    0x080028f0   0x00000020   Code   RO         4307    i.__0printf         mc_w.l(printfa.o)
    0x08002910   0x00000028   Code   RO         4309    i.__0sprintf        mc_w.l(printfa.o)
    0x08002938   0x0000000e   Code   RO         4376    i.__scatterload_copy  mc_w.l(handlers.o)
    0x08002946   0x00000002   Code   RO         4377    i.__scatterload_null  mc_w.l(handlers.o)
    0x08002948   0x0000000e   Code   RO         4378    i.__scatterload_zeroinit  mc_w.l(handlers.o)
    0x08002956   0x00000002   PAD
    0x08002958   0x00000184   Code   RO         4314    i._fp_digits        mc_w.l(printfa.o)
    0x08002adc   0x000006dc   Code   RO         4315    i._printf_core      mc_w.l(printfa.o)
    0x080031b8   0x00000024   Code   RO         4316    i._printf_post_padding  mc_w.l(printfa.o)
    0x080031dc   0x0000002e   Code   RO         4317    i._printf_pre_padding  mc_w.l(printfa.o)
    0x0800320a   0x0000000a   Code   RO         4319    i._sputc            mc_w.l(printfa.o)
    0x08003214   0x00000108   Code   RO         4004    i.decied            judge.o
    0x0800331c   0x00000044   Code   RO          284    i.delay_init        delay.o
    0x08003360   0x0000004c   Code   RO          285    i.delay_ms          delay.o
    0x080033ac   0x0000001c   Code   RO          340    i.fputc             usart.o
    0x080033c8   0x000000c4   Code   RO         3992    i.gpio_init         gpio.o
    0x0800348c   0x000001f0   Code   RO         4005    i.judge             judge.o
    0x0800367c   0x000000c4   Code   RO            3    i.main              main.o
    0x08003740   0x00000016   Code   RO         3377    i.oled_pow          oled_iic.o
    0x08003756   0x00000002   PAD
    0x08003758   0x00000140   Code   RO         3523    i.press_FR          as608.o
    0x08003898   0x00000038   Code   RO         3858    i.spi_send_byte     ld3320.o
    0x080038d0   0x000000d0   Code   RO         3734    i.usart3_init       usart3.o
    0x080039a0   0x00000020   Data   RO         4374    Region$$Table       anon$$obj.o


    Execution Region ER_RW (Base: 0x20000000, Size: 0x00000cdc, Max: 0xffffffff, ABSOLUTE, COMPRESSED[0x000008f0])

    Base Addr    Size         Type   Attr      Idx    E Section Name        Object

    0x20000000   0x0000001c   Data   RW            4    .data               main.o
    0x2000001c   0x00000014   Data   RW          254    .data               system_stm32f10x.o
    0x20000030   0x00000004   Data   RW          287    .data               delay.o
    0x20000034   0x00000006   Data   RW          343    .data               usart.o
    0x2000003a   0x00000014   Data   RW         1988    .data               stm32f10x_rcc.o
    0x2000004e   0x00000002   PAD
    0x20000050   0x00000c74   Data   RW         3378    .data               oled_iic.o
    0x20000cc4   0x0000000a   Data   RW         3525    .data               as608.o
    0x20000cce   0x00000002   Data   RW         3736    .data               usart3.o
    0x20000cd0   0x00000009   Data   RW         3800    .data               remote.o
    0x20000cd9   0x00000003   Data   RW         3860    .data               ld3320.o


    Execution Region ER_ZI (Base: 0x20000cdc, Size: 0x00000724, Max: 0xffffffff, ABSOLUTE)

    Base Addr    Size         Type   Attr      Idx    E Section Name        Object

    0x20000cdc   0x00000320   Zero   RW         3735    .bss                usart3.o
    0x20000ffc   0x00000004   PAD
    0x20001000   0x00000400   Zero   RW          384    STACK               startup_stm32f10x_hd.o


==============================================================================

Image component sizes


      Code (inc. data)   RO Data    RW Data    ZI Data      Debug   Object Name

      2682        668          0         10          0      14565   as608.o
       144         22          0          4          0       1376   delay.o
       196         12          0          0          0        640   gpio.o
       760        100          0          0          0       1573   judge.o
       416         48          0          3          0       3382   ld3320.o
       632        122          0         28          0     262397   main.o
       172         22          0          0          0       2301   misc.o
      1280         76          0       3188          0      12157   oled_iic.o
       100          4          0          0          0        622   pwm.o
       700         40          0          9          0       2518   remote.o
        36          8        304          0       1024        848   startup_stm32f10x_hd.o
        64         18          0          0          0       1825   stm32f10x_exti.o
       304          0          0          0          0       3964   stm32f10x_gpio.o
        26          0          0          0          0       4254   stm32f10x_it.o
       340         44          0         20          0       6012   stm32f10x_rcc.o
        28          0          0          0          0       2961   stm32f10x_spi.o
      1138        150          0          0          0      13476   stm32f10x_tim.o
       564         28          0          0          0       6037   stm32f10x_usart.o
         0          0          0          0          0         32   sys.o
       328         28          0         20          0       2397   system_stm32f10x.o
       176         22          0          0          0       1792   timer.o
       108          8          0          0          0        634   timer4.o
        28          4          0          6          0       2568   usart.o
       320         36          0          2        800       2350   usart3.o
        40          8          0          0          0        580   usart_1.o

    ----------------------------------------------------------------------
     10600       1468        336       3292       1828     351261   Object Totals
         0          0         32          0          0          0   (incl. Generated)
        18          0          0          2          4          0   (incl. Padding)

    ----------------------------------------------------------------------

      Code (inc. data)   RO Data    RW Data    ZI Data      Debug   Library Member Name

        86          0          0          0          0          0   __dczerorl2.o
         0          0          0          0          0          0   entry.o
         0          0          0          0          0          0   entry10a.o
         0          0          0          0          0          0   entry11a.o
         8          4          0          0          0          0   entry2.o
         4          0          0          0          0          0   entry5.o
         0          0          0          0          0          0   entry7b.o
         0          0          0          0          0          0   entry8b.o
         8          4          0          0          0          0   entry9a.o
        30          0          0          0          0          0   handlers.o
        36          8          0          0          0         68   init.o
         0          0          0          0          0          0   iusefp.o
        30          0          0          0          0         68   llshl.o
        36          0          0          0          0         68   llsshr.o
        32          0          0          0          0         68   llushr.o
      2308         96          0          0          0        604   printfa.o
        20          0          0          0          0         68   strchr.o
        36          0          0          0          0         80   strstr.o
        44          0          0          0          0         80   uidiv.o
        98          0          0          0          0         92   uldiv.o
        48          0          0          0          0         68   cdrcmple.o
       334          0          0          0          0        148   dadd.o
       222          0          0          0          0        100   ddiv.o
       186          0          0          0          0        176   depilogue.o
        48          0          0          0          0         68   dfixul.o
       228          0          0          0          0         96   dmul.o

    ----------------------------------------------------------------------
      3848        112          0          0          0       1852   Library Totals
         6          0          0          0          0          0   (incl. Padding)

    ----------------------------------------------------------------------

      Code (inc. data)   RO Data    RW Data    ZI Data      Debug   Library Name

      2776        112          0          0          0       1196   mc_w.l
      1066          0          0          0          0        656   mf_w.l

    ----------------------------------------------------------------------
      3848        112          0          0          0       1852   Library Totals

    ----------------------------------------------------------------------

==============================================================================


      Code (inc. data)   RO Data    RW Data    ZI Data      Debug   

     14448       1580        336       3292       1828     346533   Grand Totals
     14448       1580        336       2288       1828     346533   ELF Image Totals (compressed)
     14448       1580        336       2288          0          0   ROM Totals

==============================================================================

    Total RO  Size (Code + RO Data)                14784 (  14.44kB)
    Total RW  Size (RW Data + ZI Data)              5120 (   5.00kB)
    Total ROM Size (Code + RO Data + RW Data)      17072 (  16.67kB)

==============================================================================

